Archive member included to satisfy reference by file (symbol)

/usr/share/segger_embedded_studio_for_arm_3.34b/lib/libc_v7em_fpv4_sp_d16_hard_t_le_eabi.a(libc_asm.o)
                              Output/RTOS_SysView_blinky_demo Release/Obj/app_button.o (__aeabi_llsl)
/usr/share/segger_embedded_studio_for_arm_3.34b/lib/libc_v7em_fpv4_sp_d16_hard_t_le_eabi.a(libc2.o)
                              Output/RTOS_SysView_blinky_demo Release/Obj/SEGGER_SYSVIEW_FreeRTOS.o (memcmp)
/usr/share/segger_embedded_studio_for_arm_3.34b/lib/libc_v7em_fpv4_sp_d16_hard_t_le_eabi.a(libc2_asm.o)
                              Output/RTOS_SysView_blinky_demo Release/Obj/queue.o (memcpy)
/usr/share/segger_embedded_studio_for_arm_3.34b/lib/libm_v7em_fpv4_sp_d16_hard_t_le_eabi.a(libm_asm.o)
                              /usr/share/segger_embedded_studio_for_arm_3.34b/lib/libc_v7em_fpv4_sp_d16_hard_t_le_eabi.a(libc2.o) (__aeabi_i2d)
/usr/share/segger_embedded_studio_for_arm_3.34b/lib/libm_v7em_fpv4_sp_d16_hard_t_le_eabi.a(libm2.o)
                              /usr/share/segger_embedded_studio_for_arm_3.34b/lib/libvfprintf_v7em_fpv4_sp_d16_hard_t_le_eabi.o (frexp)
/usr/share/segger_embedded_studio_for_arm_3.34b/lib/libm_v7em_fpv4_sp_d16_hard_t_le_eabi.a(libm2_asm.o)
                              /usr/share/segger_embedded_studio_for_arm_3.34b/lib/libm_v7em_fpv4_sp_d16_hard_t_le_eabi.a(libm2.o) (fabs)

Discarded input sections

 .group         0x0000000000000000        0x8 Output/RTOS_SysView_blinky_demo Release/Obj/queue.o
 .group         0x0000000000000000        0x8 Output/RTOS_SysView_blinky_demo Release/Obj/queue.o
 .group         0x0000000000000000        0x8 Output/RTOS_SysView_blinky_demo Release/Obj/queue.o
 .group         0x0000000000000000        0x8 Output/RTOS_SysView_blinky_demo Release/Obj/queue.o
 .group         0x0000000000000000        0x8 Output/RTOS_SysView_blinky_demo Release/Obj/queue.o
 .group         0x0000000000000000        0x8 Output/RTOS_SysView_blinky_demo Release/Obj/queue.o
 .group         0x0000000000000000        0x8 Output/RTOS_SysView_blinky_demo Release/Obj/queue.o
 .group         0x0000000000000000        0x8 Output/RTOS_SysView_blinky_demo Release/Obj/queue.o
 .group         0x0000000000000000        0x8 Output/RTOS_SysView_blinky_demo Release/Obj/queue.o
 .group         0x0000000000000000        0x8 Output/RTOS_SysView_blinky_demo Release/Obj/queue.o
 .group         0x0000000000000000        0x8 Output/RTOS_SysView_blinky_demo Release/Obj/queue.o
 .group         0x0000000000000000        0x8 Output/RTOS_SysView_blinky_demo Release/Obj/queue.o
 .group         0x0000000000000000        0x8 Output/RTOS_SysView_blinky_demo Release/Obj/queue.o
 .group         0x0000000000000000        0x8 Output/RTOS_SysView_blinky_demo Release/Obj/queue.o
 .group         0x0000000000000000        0x8 Output/RTOS_SysView_blinky_demo Release/Obj/queue.o
 .group         0x0000000000000000        0x8 Output/RTOS_SysView_blinky_demo Release/Obj/queue.o
 .group         0x0000000000000000        0x8 Output/RTOS_SysView_blinky_demo Release/Obj/queue.o
 .group         0x0000000000000000        0x8 Output/RTOS_SysView_blinky_demo Release/Obj/queue.o
 .group         0x0000000000000000        0x8 Output/RTOS_SysView_blinky_demo Release/Obj/queue.o
 .group         0x0000000000000000        0x8 Output/RTOS_SysView_blinky_demo Release/Obj/queue.o
 .group         0x0000000000000000        0x8 Output/RTOS_SysView_blinky_demo Release/Obj/queue.o
 .group         0x0000000000000000        0x8 Output/RTOS_SysView_blinky_demo Release/Obj/queue.o
 .group         0x0000000000000000        0x8 Output/RTOS_SysView_blinky_demo Release/Obj/queue.o
 .group         0x0000000000000000        0x8 Output/RTOS_SysView_blinky_demo Release/Obj/queue.o
 .group         0x0000000000000000        0x8 Output/RTOS_SysView_blinky_demo Release/Obj/queue.o
 .group         0x0000000000000000        0x8 Output/RTOS_SysView_blinky_demo Release/Obj/queue.o
 .group         0x0000000000000000        0x8 Output/RTOS_SysView_blinky_demo Release/Obj/queue.o
 .group         0x0000000000000000        0x8 Output/RTOS_SysView_blinky_demo Release/Obj/queue.o
 .group         0x0000000000000000        0x8 Output/RTOS_SysView_blinky_demo Release/Obj/queue.o
 .group         0x0000000000000000        0x8 Output/RTOS_SysView_blinky_demo Release/Obj/queue.o
 .group         0x0000000000000000        0x8 Output/RTOS_SysView_blinky_demo Release/Obj/queue.o
 .group         0x0000000000000000        0x8 Output/RTOS_SysView_blinky_demo Release/Obj/queue.o
 .group         0x0000000000000000        0x8 Output/RTOS_SysView_blinky_demo Release/Obj/queue.o
 .group         0x0000000000000000        0x8 Output/RTOS_SysView_blinky_demo Release/Obj/queue.o
 .group         0x0000000000000000        0x8 Output/RTOS_SysView_blinky_demo Release/Obj/queue.o
 .group         0x0000000000000000        0x8 Output/RTOS_SysView_blinky_demo Release/Obj/queue.o
[...]
Memory Configuration

Name             Origin             Length             Attributes
UNPLACED_SECTIONS 0x0000000100000000 0x0000000000000000 xw
RAM              0x0000000020000000 0x0000000000010000 xw
FLASH            0x0000000000000000 0x0000000000080000 xw
*default*        0x0000000000000000 0xffffffffffffffff

Linker script and memory map

                0x0000000000000000                __vfprintf = __vfprintf_long
                0x0000000000000000                __vfscanf = __vfscanf_int
                0x0000000020000000                __RAM_segment_start__ = 0x20000000
                0x0000000020010000                __RAM_segment_end__ = 0x20010000
                0x0000000000010000                __RAM_segment_size__ = 0x10000
                0x0000000000000000                __FLASH_segment_start__ = 0x0
                0x0000000000080000                __FLASH_segment_end__ = 0x80000
                0x0000000000080000                __FLASH_segment_size__ = 0x80000
                0x0000000000002000                __HEAPSIZE__ = 0x2000
                0x0000000000000000                __STACKSIZE_ABT__ = 0x0
                0x0000000000000000                __STACKSIZE_FIQ__ = 0x0
                0x0000000000000000                __STACKSIZE_IRQ__ = 0x0
                0x0000000000000000                __STACKSIZE_PROCESS__ = 0x0
                0x0000000000000000                __STACKSIZE_SVC__ = 0x0
                0x0000000000000000                __STACKSIZE_UND__ = 0x0
                0x0000000000002000                __STACKSIZE__ = 0x2000
                0x0000000020000000                __vectors_ram_load_start__ = 0x20000000

.vectors_ram    0x0000000020000000        0x0
                0x0000000020000000                __vectors_ram_start__ = .
                0x0000000020000000                __app_ram_start__ = __vectors_ram_start__
 *(.vectors_ram .vectors_ram.*)
                0x0000000020000000                __vectors_ram_end__ = (__vectors_ram_start__ + SIZEOF (.vectors_ram))
                0x0000000000000000                __vectors_ram_size__ = SIZEOF (.vectors_ram)
                0x0000000020000000                __vectors_ram_load_end__ = __vectors_ram_end__
                0x0000000000000001                . = ASSERT (((__vectors_ram_start__ == __vectors_ram_end__) || ((__vectors_ram_end__ >= __RAM_segment_start__) && (__vectors_ram_end__ <= __RAM_segment_end__))), error: .vectors_ram is too large to fit in RAM memory segment)
                0x0000000020000000                __nrf_sections_run_load_start__ = ALIGN (__vectors_ram_end__, 0x4)

.nrf_sections_run
                0x0000000020000000        0x0
                0x0000000020000000                __nrf_sections_run_start__ = .
                0x0000000020000000                __start_nrf_sections_run = __nrf_sections_run_start__
 *(.nrf_sections_run .nrf_sections_run.*)
                0x0000000020000000                __nrf_sections_run_end__ = (__nrf_sections_run_start__ + SIZEOF (.nrf_sections_run))
                0x0000000000000000                __nrf_sections_run_size__ = SIZEOF (.nrf_sections_run)
                0x0000000020000000                __nrf_sections_run_load_end__ = __nrf_sections_run_end__
                0x0000000000000001                . = ASSERT (((__nrf_sections_run_start__ == __nrf_sections_run_end__) || ((__nrf_sections_run_end__ >= __RAM_segment_start__) && (__nrf_sections_run_end__ <= __RAM_segment_end__))), error: .nrf_sections_run is too large to fit in RAM memory segment)
                0x0000000000000000                __vectors_load_start__ = 0x0

.vectors        0x0000000000000000       0xdc
                0x0000000000000000                __vectors_start__ = .
 *(.vectors .vectors.*)
 .vectors       0x0000000000000000       0xdc Output/RTOS_SysView_blinky_demo Release/Obj/ses_nrf52_Vectors.o
                0x0000000000000000                _vectors
                0x00000000000000dc                __vectors_end__ = (__vectors_start__ + SIZEOF (.vectors))
                0x00000000000000dc                __vectors_size__ = SIZEOF (.vectors)
                0x00000000000000dc                __vectors_load_end__ = __vectors_end__
                0x0000000000000001                . = ASSERT (((__vectors_start__ == __vectors_end__) || ((__vectors_end__ >= __FLASH_segment_start__) && (__vectors_end__ <= __FLASH_segment_end__))), error: .vectors is too large to fit in FLASH memory segment)
                0x00000000000000dc                __init_load_start__ = ALIGN (__vectors_end__, 0x4)

.init           0x00000000000000dc       0xb8
                0x00000000000000dc                __init_start__ = .
 *(.init .init.*)
 .init          0x00000000000000dc       0x58 Output/RTOS_SysView_blinky_demo Release/Obj/ses_nRF_Startup.o
                0x00000000000000dc                Reset_Handler
                0x0000000000000100                InitializeUserMemorySections
 .init          0x0000000000000134       0x60 Output/RTOS_SysView_blinky_demo Release/Obj/ses_nrf52_Vectors.o
                0x0000000000000134                NMI_Handler
                0x0000000000000136                HardFault_Handler
                0x0000000000000138                MemoryManagement_Handler
                0x000000000000013a                BusFault_Handler
                0x000000000000013c                UsageFault_Handler
                0x0000000000000140                DebugMon_Handler
                0x0000000000000144                SysTick_Handler
                0x000000000000014a                RADIO_IRQHandler
                0x000000000000014c                UARTE0_UART0_IRQHandler
                0x000000000000014e                SPIM0_SPIS0_TWIM0_TWIS0_SPI0_TWI0_IRQHandler
                0x0000000000000150                SPIM1_SPIS1_TWIM1_TWIS1_SPI1_TWI1_IRQHandler
                0x0000000000000152                NFCT_IRQHandler
                0x0000000000000156                SAADC_IRQHandler
                0x0000000000000158                TIMER0_IRQHandler
                0x000000000000015a                TIMER1_IRQHandler
                0x000000000000015c                TIMER2_IRQHandler
                0x000000000000015e                RTC0_IRQHandler
                0x0000000000000160                TEMP_IRQHandler
                0x0000000000000162                RNG_IRQHandler
                0x0000000000000164                ECB_IRQHandler
                0x0000000000000166                CCM_AAR_IRQHandler
                0x0000000000000168                WDT_IRQHandler
                0x000000000000016c                QDEC_IRQHandler
                0x000000000000016e                COMP_LPCOMP_IRQHandler
                0x0000000000000170                SWI0_EGU0_IRQHandler
                0x0000000000000172                SWI1_EGU1_IRQHandler
                0x0000000000000174                SWI2_EGU2_IRQHandler
                0x0000000000000176                SWI3_EGU3_IRQHandler
                0x0000000000000178                SWI4_EGU4_IRQHandler
                0x000000000000017a                SWI5_EGU5_IRQHandler
                0x000000000000017c                TIMER3_IRQHandler
                0x000000000000017e                TIMER4_IRQHandler
                0x0000000000000180                PWM0_IRQHandler
                0x0000000000000182                PDM_IRQHandler
                0x0000000000000184                MWU_IRQHandler
                0x0000000000000186                PWM1_IRQHandler
                0x0000000000000188                PWM2_IRQHandler
                0x000000000000018a                SPIM2_SPIS2_SPI2_IRQHandler
                0x000000000000018c                RTC2_IRQHandler
                0x000000000000018e                I2S_IRQHandler
                0x0000000000000190                FPU_IRQHandler
                0x0000000000000194                __init_end__ = (__init_start__ + SIZEOF (.init))
                0x00000000000000b8                __init_size__ = SIZEOF (.init)
                0x0000000000000194                __init_load_end__ = __init_end__
                0x0000000000000001                . = ASSERT (((__init_start__ == __init_end__) || ((__init_end__ >= __FLASH_segment_start__) && (__init_end__ <= __FLASH_segment_end__))), error: .init is too large to fit in FLASH memory segment)
                0x0000000000000194                __init_rodata_load_start__ = ALIGN (__init_end__, 0x4)

.init_rodata    0x0000000000000194        0x0
                0x0000000000000194                __init_rodata_start__ = .
 *(.init_rodata .init_rodata.*)
                0x0000000000000194                __init_rodata_end__ = (__init_rodata_start__ + SIZEOF (.init_rodata))
                0x0000000000000000                __init_rodata_size__ = SIZEOF (.init_rodata)
                0x0000000000000194                __init_rodata_load_end__ = __init_rodata_end__
                0x0000000000000001                . = ASSERT (((__init_rodata_start__ == __init_rodata_end__) || ((__init_rodata_end__ >= __FLASH_segment_start__) && (__init_rodata_end__ <= __FLASH_segment_end__))), error: .init_rodata is too large to fit in FLASH memory segment)
                0x0000000000000194                __text_load_start__ = ALIGN (__init_rodata_end__, 0x4)

.text           0x0000000000000194     0x1060
                0x0000000000000194                __text_start__ = .
 *(.text .text.* .glue_7t .glue_7 .gnu.linkonce.t.* .gcc_except_table .ARM.extab* .gnu.linkonce.armextab.*)
 .glue_7        0x0000000000000194        0x0 linker stubs
 .glue_7t       0x0000000000000194        0x0 linker stubs
 .text.prvResetNextTaskUnblockTime
                0x0000000000000194       0x24 Output/RTOS_SysView_blinky_demo Release/Obj/tasks.o
 .text.xTaskIncrementTick
                0x00000000000001b8      0x100 Output/RTOS_SysView_blinky_demo Release/Obj/tasks.o
                0x00000000000001b8                xTaskIncrementTick
 .text.vTaskSwitchContext
                0x00000000000002b8       0xac Output/RTOS_SysView_blinky_demo Release/Obj/tasks.o
                0x00000000000002b8                vTaskSwitchContext
 .text.vListInsertEnd
                0x0000000000000364       0x18 Output/RTOS_SysView_blinky_demo Release/Obj/list.o
                0x0000000000000364                vListInsertEnd
 .text.uxListRemove
                0x000000000000037c       0x20 Output/RTOS_SysView_blinky_demo Release/Obj/list.o
                0x000000000000037c                uxListRemove
 *fill*         0x000000000000039c        0x4 
 .text.SVC_Handler
                0x00000000000003a0       0x24 Output/RTOS_SysView_blinky_demo Release/Obj/port.o
                0x00000000000003a0                SVC_Handler
 *fill*         0x00000000000003c4        0xc 
 .text.PendSV_Handler
                0x00000000000003d0       0x64 Output/RTOS_SysView_blinky_demo Release/Obj/port.o
                0x00000000000003d0                PendSV_Handler
 .text.RTC1_IRQHandler
                0x0000000000000434       0x3c Output/RTOS_SysView_blinky_demo Release/Obj/port.o
                0x0000000000000434                RTC1_IRQHandler
 .text._DoInit  0x0000000000000470       0x60 Output/RTOS_SysView_blinky_demo Release/Obj/SEGGER_RTT.o
 .text.SEGGER_RTT_ReadNoLock
                0x00000000000004d0       0x88 Output/RTOS_SysView_blinky_demo Release/Obj/SEGGER_RTT.o
                0x00000000000004d0                SEGGER_RTT_ReadNoLock
 .text.SEGGER_RTT_WriteSkipNoLock
                0x0000000000000558       0x8c Output/RTOS_SysView_blinky_demo Release/Obj/SEGGER_RTT.o
                0x0000000000000558                SEGGER_RTT_WriteSkipNoLock
 .text._EncodeStr
                0x00000000000005e4       0x40 Output/RTOS_SysView_blinky_demo Release/Obj/SEGGER_SYSVIEW.o
 .text.SEGGER_SYSVIEW_SendTaskList
                0x0000000000000624       0x14 Output/RTOS_SysView_blinky_demo Release/Obj/SEGGER_SYSVIEW.o
                0x0000000000000624                SEGGER_SYSVIEW_SendTaskList
 .text.SEGGER_SYSVIEW_SendModuleDescription
                0x0000000000000638       0x18 Output/RTOS_SysView_blinky_demo Release/Obj/SEGGER_SYSVIEW.o
                0x0000000000000638                SEGGER_SYSVIEW_SendModuleDescription
 .text.SEGGER_SYSVIEW_SendNumModules
                0x0000000000000650       0x40 Output/RTOS_SysView_blinky_demo Release/Obj/SEGGER_SYSVIEW.o
                0x0000000000000650                SEGGER_SYSVIEW_SendNumModules
 .text._SendPacket
                0x0000000000000690      0x1c0 Output/RTOS_SysView_blinky_demo Release/Obj/SEGGER_SYSVIEW.o
 .text.SEGGER_SYSVIEW_RecordVoid
                0x0000000000000850       0x24 Output/RTOS_SysView_blinky_demo Release/Obj/SEGGER_SYSVIEW.o
                0x0000000000000850                SEGGER_SYSVIEW_RecordVoid
 .text.SEGGER_SYSVIEW_RecordU32
                0x0000000000000874       0x3c Output/RTOS_SysView_blinky_demo Release/Obj/SEGGER_SYSVIEW.o
                0x0000000000000874                SEGGER_SYSVIEW_RecordU32
 .text.SEGGER_SYSVIEW_RecordU32x2
                0x00000000000008b0       0x54 Output/RTOS_SysView_blinky_demo Release/Obj/SEGGER_SYSVIEW.o
                0x00000000000008b0                SEGGER_SYSVIEW_RecordU32x2
 .text.SEGGER_SYSVIEW_RecordSystime
                0x0000000000000904       0x34 Output/RTOS_SysView_blinky_demo Release/Obj/SEGGER_SYSVIEW.o
                0x0000000000000904                SEGGER_SYSVIEW_RecordSystime
 .text.SEGGER_SYSVIEW_Start
                0x0000000000000938       0xb8 Output/RTOS_SysView_blinky_demo Release/Obj/SEGGER_SYSVIEW.o
                0x0000000000000938                SEGGER_SYSVIEW_Start
 .text.SEGGER_SYSVIEW_Stop
                0x00000000000009f0       0x30 Output/RTOS_SysView_blinky_demo Release/Obj/SEGGER_SYSVIEW.o
                0x00000000000009f0                SEGGER_SYSVIEW_Stop
 .text.SEGGER_SYSVIEW_GetSysDesc
                0x0000000000000a20       0x80 Output/RTOS_SysView_blinky_demo Release/Obj/SEGGER_SYSVIEW.o
                0x0000000000000a20                SEGGER_SYSVIEW_GetSysDesc
 .text.SEGGER_SYSVIEW_RecordEnterISR
                0x0000000000000aa0       0x48 Output/RTOS_SysView_blinky_demo Release/Obj/SEGGER_SYSVIEW.o
                0x0000000000000aa0                SEGGER_SYSVIEW_RecordEnterISR
 .text.SEGGER_SYSVIEW_RecordExitISR
                0x0000000000000ae8       0x24 Output/RTOS_SysView_blinky_demo Release/Obj/SEGGER_SYSVIEW.o
                0x0000000000000ae8                SEGGER_SYSVIEW_RecordExitISR
 .text.SEGGER_SYSVIEW_RecordExitISRToScheduler
                0x0000000000000b0c       0x24 Output/RTOS_SysView_blinky_demo Release/Obj/SEGGER_SYSVIEW.o
                0x0000000000000b0c                SEGGER_SYSVIEW_RecordExitISRToScheduler
 .text.SEGGER_SYSVIEW_OnIdle
                0x0000000000000b30       0x24 Output/RTOS_SysView_blinky_demo Release/Obj/SEGGER_SYSVIEW.o
                0x0000000000000b30                SEGGER_SYSVIEW_OnIdle
 .text.SEGGER_SYSVIEW_OnTaskStartExec
                0x0000000000000b54       0x48 Output/RTOS_SysView_blinky_demo Release/Obj/SEGGER_SYSVIEW.o
                0x0000000000000b54                SEGGER_SYSVIEW_OnTaskStartExec
 .text.SEGGER_SYSVIEW_OnTaskStartReady
                0x0000000000000b9c       0x48 Output/RTOS_SysView_blinky_demo Release/Obj/SEGGER_SYSVIEW.o
                0x0000000000000b9c                SEGGER_SYSVIEW_OnTaskStartReady
 .text.SEGGER_SYSVIEW_SendModule
                0x0000000000000be4       0x78 Output/RTOS_SysView_blinky_demo Release/Obj/SEGGER_SYSVIEW.o
                0x0000000000000be4                SEGGER_SYSVIEW_SendModule
 .text.nrf_clock_event_clear
                0x0000000000000c5c       0x14 Output/RTOS_SysView_blinky_demo Release/Obj/nrfx_clock.o
 .text.POWER_CLOCK_IRQHandler
                0x0000000000000c70       0x58 Output/RTOS_SysView_blinky_demo Release/Obj/nrfx_clock.o
                0x0000000000000c70                POWER_CLOCK_IRQHandler
 .text.nrf_gpiote_event_clear
                0x0000000000000cc8       0x18 Output/RTOS_SysView_blinky_demo Release/Obj/nrfx_gpiote.o
 .text.nrf_gpio_cfg_sense_set
                0x0000000000000ce0       0x20 Output/RTOS_SysView_blinky_demo Release/Obj/nrfx_gpiote.o
 .text.GPIOTE_IRQHandler
                0x0000000000000d00      0x184 Output/RTOS_SysView_blinky_demo Release/Obj/nrfx_gpiote.o
                0x0000000000000d00                GPIOTE_IRQHandler
 .text.errata_57
                0x0000000000000e84       0x34 Output/RTOS_SysView_blinky_demo Release/Obj/system_nrf52.o
 .text.errata_136
                0x0000000000000eb8       0x40 Output/RTOS_SysView_blinky_demo Release/Obj/system_nrf52.o
 .text.SystemInit
                0x0000000000000ef8      0x264 Output/RTOS_SysView_blinky_demo Release/Obj/system_nrf52.o
                0x0000000000000ef8                SystemInit
 .text.libc.memcpy
                0x000000000000115c       0x54 /usr/share/segger_embedded_studio_for_arm_3.34b/lib/libc_v7em_fpv4_sp_d16_hard_t_le_eabi.a(libc2_asm.o)
                0x000000000000115c                memcpy
                0x000000000000115c                __aeabi_memcpy
                0x0000000000001168                __aeabi_memcpy4
                0x0000000000001168                __aeabi_memcpy8
 .text.libc.strcpy
                0x00000000000011b0       0x44 /usr/share/segger_embedded_studio_for_arm_3.34b/lib/libc_v7em_fpv4_sp_d16_hard_t_le_eabi.a(libc2_asm.o)
                0x00000000000011b0                strcpy
                0x00000000000011f4                __text_end__ = (__text_start__ + SIZEOF (.text))
                0x0000000000001060                __text_size__ = SIZEOF (.text)
                0x00000000000011f4                __text_load_end__ = __text_end__

.vfp11_veneer   0x0000000100000000        0x0
 .vfp11_veneer  0x0000000100000000        0x0 linker stubs

.v4_bx          0x0000000100000000        0x0
 .v4_bx         0x0000000100000000        0x0 linker stubs

.iplt           0x0000000100000000        0x0
 .iplt          0x0000000100000000        0x0 Output/RTOS_SysView_blinky_demo Release/Obj/queue.o
                0x0000000000000001                . = ASSERT (((__text_start__ == __text_end__) || ((__text_end__ >= __FLASH_segment_start__) && (__text_end__ <= __FLASH_segment_end__))), error: .text is too large to fit in FLASH memory segment)
                0x00000000000011f4                __log_const_data_load_start__ = ALIGN (__text_end__, 0x4)

.log_const_data
                0x00000000000011f4        0x0
                0x00000000000011f4                __log_const_data_start__ = .
                0x00000000000011f4                __start_log_const_data = __log_const_data_start__
 *(SORT(.log_const_data*))
                0x00000000000011f4                __log_const_data_end__ = (__log_const_data_start__ + SIZEOF (.log_const_data))
                0x0000000000000000                __log_const_data_size__ = SIZEOF (.log_const_data)
                0x00000000000011f4                __stop_log_const_data = __log_const_data_end__
                0x00000000000011f4                __log_const_data_load_end__ = __log_const_data_end__
                0x0000000000000001                . = ASSERT (((__log_const_data_start__ == __log_const_data_end__) || ((__log_const_data_end__ >= __FLASH_segment_start__) && (__log_const_data_end__ <= __FLASH_segment_end__))), error: .log_const_data is too large to fit in FLASH memory segment)
                0x00000000000011f4                __nrf_balloc_load_start__ = ALIGN (__log_const_data_end__, 0x4)

.nrf_balloc     0x00000000000011f4        0x0
                0x00000000000011f4                __nrf_balloc_start__ = .
                0x00000000000011f4                __start_nrf_balloc = __nrf_balloc_start__
 *(.nrf_balloc*)
                0x00000000000011f4                __nrf_balloc_end__ = (__nrf_balloc_start__ + SIZEOF (.nrf_balloc))
                0x0000000000000000                __nrf_balloc_size__ = SIZEOF (.nrf_balloc)
                0x00000000000011f4                __stop_nrf_balloc = __nrf_balloc_end__
                0x00000000000011f4                __nrf_balloc_load_end__ = __nrf_balloc_end__
                0x0000000000000001                . = ASSERT (((__nrf_balloc_start__ == __nrf_balloc_end__) || ((__nrf_balloc_end__ >= __FLASH_segment_start__) && (__nrf_balloc_end__ <= __FLASH_segment_end__))), error: .nrf_balloc is too large to fit in FLASH memory segment)
                0x00000000000011f4                __nrf_sections_load_start__ = ALIGN (__nrf_balloc_end__, 0x4)

.nrf_sections   0x00000000000011f4        0x0
                0x00000000000011f4                __nrf_sections_start__ = .
                0x00000000000011f4                __start_nrf_sections = __nrf_sections_start__
 *(.nrf_sections .nrf_sections.*)
                0x00000000000011f4                __nrf_sections_end__ = (__nrf_sections_start__ + SIZEOF (.nrf_sections))
                0x0000000000000000                __nrf_sections_size__ = SIZEOF (.nrf_sections)
                0x00000000000011f4                __nrf_sections_load_end__ = __nrf_sections_end__
                0x0000000000000001                . = ASSERT (((__nrf_sections_start__ == __nrf_sections_end__) || ((__nrf_sections_end__ >= __FLASH_segment_start__) && (__nrf_sections_end__ <= __FLASH_segment_end__))), error: .nrf_sections is too large to fit in FLASH memory segment)
                0x00000000000011f4                __log_dynamic_data_load_start__ = ALIGN (__nrf_sections_end__, 0x4)

.log_dynamic_data
                0x0000000020000000        0x0 load address 0x00000000000011f4
                0x0000000020000000                __log_dynamic_data_start__ = .
 *(SORT(.log_dynamic_data*))
                0x0000000020000000                __log_dynamic_data_end__ = (__log_dynamic_data_start__ + SIZEOF (.log_dynamic_data))
                0x0000000000000000                __log_dynamic_data_size__ = SIZEOF (.log_dynamic_data)
                0x00000000000011f4                __log_dynamic_data_load_end__ = (__log_dynamic_data_load_start__ + SIZEOF (.log_dynamic_data))
                0x0000000000000001                . = ASSERT (((__log_dynamic_data_load_start__ == __log_dynamic_data_load_end__) || ((__log_dynamic_data_load_end__ >= __FLASH_segment_start__) && (__log_dynamic_data_load_end__ <= __FLASH_segment_end__))), error: .log_dynamic_data is too large to fit in FLASH memory segment)

.log_dynamic_data_run
                0x0000000020000000        0x0
                0x0000000020000000                __log_dynamic_data_run_start__ = .
                0x0000000020000000                __start_log_dynamic_data = __log_dynamic_data_run_start__
                0x0000000020000000                . = MAX ((__log_dynamic_data_run_start__ + SIZEOF (.log_dynamic_data)), .)
                0x0000000020000000                __log_dynamic_data_run_end__ = (__log_dynamic_data_run_start__ + SIZEOF (.log_dynamic_data_run))
                0x0000000000000000                __log_dynamic_data_run_size__ = SIZEOF (.log_dynamic_data_run)
                0x0000000020000000                __stop_log_dynamic_data = __log_dynamic_data_run_end__
                0x0000000020000000                __log_dynamic_data_run_load_end__ = __log_dynamic_data_run_end__
                0x0000000000000001                . = ASSERT (((__log_dynamic_data_run_start__ == __log_dynamic_data_run_end__) || ((__log_dynamic_data_run_end__ >= __RAM_segment_start__) && (__log_dynamic_data_run_end__ <= __RAM_segment_end__))), error: .log_dynamic_data_run is too large to fit in RAM memory segment)
                0x0000000020000000                __nrf_sections_run_end_load_start__ = ALIGN (__log_dynamic_data_run_end__, 0x4)

.nrf_sections_run_end
                0x0000000020000000        0x0
                0x0000000020000000                __nrf_sections_run_end_start__ = .
                0x0000000020000000                __end_nrf_sections_run = __nrf_sections_run_end_start__
 *(.nrf_sections_run_end .nrf_sections_run_end.*)
                0x0000000020000000                __nrf_sections_run_end_end__ = (__nrf_sections_run_end_start__ + SIZEOF (.nrf_sections_run_end))
                0x0000000000000000                __nrf_sections_run_end_size__ = SIZEOF (.nrf_sections_run_end)
                0x0000000020000000                __nrf_sections_run_end_load_end__ = __nrf_sections_run_end_end__
                0x0000000000000001                . = ASSERT (((__nrf_sections_run_end_start__ == __nrf_sections_run_end_end__) || ((__nrf_sections_run_end_end__ >= __RAM_segment_start__) && (__nrf_sections_run_end_end__ <= __RAM_segment_end__))), error: .nrf_sections_run_end is too large to fit in RAM memory segment)
                0x00000000000011f4                __dtors_load_start__ = ALIGN ((__log_dynamic_data_load_start__ + SIZEOF (.log_dynamic_data)), 0x4)

.dtors          0x00000000000011f4        0x0
                0x00000000000011f4                __dtors_start__ = .
 *(SORT(.dtors.*))
 *(.dtors)
 *(.fini_array)
 *(SORT(.fini_array.*))
                0x00000000000011f4                __dtors_end__ = (__dtors_start__ + SIZEOF (.dtors))
                0x0000000000000000                __dtors_size__ = SIZEOF (.dtors)
                0x00000000000011f4                __dtors_load_end__ = __dtors_end__
                0x0000000000000001                . = ASSERT (((__dtors_start__ == __dtors_end__) || ((__dtors_end__ >= __FLASH_segment_start__) && (__dtors_end__ <= __FLASH_segment_end__))), error: .dtors is too large to fit in FLASH memory segment)
                0x00000000000011f4                __ctors_load_start__ = ALIGN (__dtors_end__, 0x4)

.ctors          0x00000000000011f4        0x0
                0x00000000000011f4                __ctors_start__ = .
 *(SORT(.ctors.*))
 *(.ctors)
 *(.init_array)
 *(SORT(.init_array.*))
                0x00000000000011f4                __ctors_end__ = (__ctors_start__ + SIZEOF (.ctors))
                0x0000000000000000                __ctors_size__ = SIZEOF (.ctors)
                0x00000000000011f4                __ctors_load_end__ = __ctors_end__
                0x0000000000000001                . = ASSERT (((__ctors_start__ == __ctors_end__) || ((__ctors_end__ >= __FLASH_segment_start__) && (__ctors_end__ <= __FLASH_segment_end__))), error: .ctors is too large to fit in FLASH memory segment)
                0x00000000000011f4                __rodata_load_start__ = ALIGN (__ctors_end__, 0x4)

.rodata         0x00000000000011f4       0x1e
                0x00000000000011f4                __rodata_start__ = .
 *(.rodata .rodata.* .gnu.linkonce.r.*)
 .rodata._DoInit.str1.1
                0x00000000000011f4       0x14 Output/RTOS_SysView_blinky_demo Release/Obj/SEGGER_RTT.o
 .rodata._abSync
                0x0000000000001208        0xa Output/RTOS_SysView_blinky_demo Release/Obj/SEGGER_SYSVIEW.o
                0x0000000000001212                __rodata_end__ = (__rodata_start__ + SIZEOF (.rodata))
                0x000000000000001e                __rodata_size__ = SIZEOF (.rodata)
                0x0000000000001212                __rodata_load_end__ = __rodata_end__

.rel.dyn        0x0000000000001214        0x0
 .rel.iplt      0x0000000000001214        0x0 Output/RTOS_SysView_blinky_demo Release/Obj/queue.o
                0x0000000000000001                . = ASSERT (((__rodata_start__ == __rodata_end__) || ((__rodata_end__ >= __FLASH_segment_start__) && (__rodata_end__ <= __FLASH_segment_end__))), error: .rodata is too large to fit in FLASH memory segment)
                0x0000000000001214                __ARM.exidx_load_start__ = ALIGN (__rodata_end__, 0x4)

.ARM.exidx      0x0000000000001214        0x0
                0x0000000000001214                __ARM.exidx_start__ = .
                0x0000000000001214                __exidx_start = __ARM.exidx_start__
 *(.ARM.exidx .ARM.exidx.*)
                0x0000000000001214                __ARM.exidx_end__ = (__ARM.exidx_start__ + SIZEOF (.ARM.exidx))
                0x0000000000000000                __ARM.exidx_size__ = SIZEOF (.ARM.exidx)
                0x0000000000001214                __exidx_end = __ARM.exidx_end__
                0x0000000000001214                __ARM.exidx_load_end__ = __ARM.exidx_end__
                0x0000000000000001                . = ASSERT (((__ARM.exidx_start__ == __ARM.exidx_end__) || ((__ARM.exidx_end__ >= __FLASH_segment_start__) && (__ARM.exidx_end__ <= __FLASH_segment_end__))), error: .ARM.exidx is too large to fit in FLASH memory segment)
                0x0000000000001214                __fast_load_start__ = ALIGN (__ARM.exidx_end__, 0x4)

.fast           0x0000000020000000        0x0 load address 0x0000000000001214
                0x0000000020000000                __fast_start__ = .
 *(.fast .fast.*)
                0x0000000020000000                __fast_end__ = (__fast_start__ + SIZEOF (.fast))
                0x0000000000000000                __fast_size__ = SIZEOF (.fast)
                0x0000000000001214                __fast_load_end__ = (__fast_load_start__ + SIZEOF (.fast))
                0x0000000000000001                . = ASSERT (((__fast_load_start__ == __fast_load_end__) || ((__fast_load_end__ >= __FLASH_segment_start__) && (__fast_load_end__ <= __FLASH_segment_end__))), error: .fast is too large to fit in FLASH memory segment)

.fast_run       0x0000000020000000        0x0
                0x0000000020000000                __fast_run_start__ = .
                0x0000000020000000                . = MAX ((__fast_run_start__ + SIZEOF (.fast)), .)
                0x0000000020000000                __fast_run_end__ = (__fast_run_start__ + SIZEOF (.fast_run))
                0x0000000000000000                __fast_run_size__ = SIZEOF (.fast_run)
                0x0000000020000000                __fast_run_load_end__ = __fast_run_end__
                0x0000000000000001                . = ASSERT (((__fast_run_start__ == __fast_run_end__) || ((__fast_run_end__ >= __RAM_segment_start__) && (__fast_run_end__ <= __RAM_segment_end__))), error: .fast_run is too large to fit in RAM memory segment)
                0x0000000000001214                __data_load_start__ = ALIGN ((__fast_load_start__ + SIZEOF (.fast)), 0x4)

.data           0x0000000020000000        0x4 load address 0x0000000000001214
                0x0000000020000000                __data_start__ = .
 *(.data .data.* .gnu.linkonce.d.*)
 .data.SystemCoreClock
                0x0000000020000000        0x4 Output/RTOS_SysView_blinky_demo Release/Obj/system_nrf52.o
                0x0000000020000000                SystemCoreClock
                0x0000000020000004                __data_end__ = (__data_start__ + SIZEOF (.data))
                0x0000000000000004                __data_size__ = SIZEOF (.data)
                0x0000000000001218                __data_load_end__ = (__data_load_start__ + SIZEOF (.data))

.igot.plt       0x0000000100000000        0x0
 .igot.plt      0x0000000100000000        0x0 Output/RTOS_SysView_blinky_demo Release/Obj/queue.o
                0x0000000000000001                . = ASSERT (((__data_load_start__ == __data_load_end__) || ((__data_load_end__ >= __FLASH_segment_start__) && (__data_load_end__ <= __FLASH_segment_end__))), error: .data is too large to fit in FLASH memory segment)

.data_run       0x0000000020000000        0x4 load address 0x0000000000001214
                0x0000000020000000                __data_run_start__ = .
                0x0000000020000004                . = MAX ((__data_run_start__ + SIZEOF (.data)), .)
 *fill*         0x0000000020000000        0x4 
                0x0000000020000004                __data_run_end__ = (__data_run_start__ + SIZEOF (.data_run))
                0x0000000000000004                __data_run_size__ = SIZEOF (.data_run)
                0x0000000020000004                __data_run_load_end__ = __data_run_end__
                0x0000000000000001                . = ASSERT (((__data_run_start__ == __data_run_end__) || ((__data_run_end__ >= __RAM_segment_start__) && (__data_run_end__ <= __RAM_segment_end__))), error: .data_run is too large to fit in RAM memory segment)
                0x0000000000001218                __tdata_load_start__ = ALIGN ((__data_load_start__ + SIZEOF (.data)), 0x4)

.tdata          0x0000000020000004        0x0 load address 0x0000000000001218
                0x0000000020000004                __tdata_start__ = .
 *(.tdata .tdata.*)
                0x0000000020000004                __tdata_end__ = (__tdata_start__ + SIZEOF (.tdata))
                0x0000000000000000                __tdata_size__ = SIZEOF (.tdata)
                0x0000000000001218                __tdata_load_end__ = (__tdata_load_start__ + SIZEOF (.tdata))
                0x0000000000001218                __FLASH_segment_used_end__ = (ALIGN ((__data_load_start__ + SIZEOF (.data)), 0x4) + SIZEOF (.tdata))
                0x0000000000001218                __FLASH_segment_used_size__ = (__FLASH_segment_used_end__ - __FLASH_segment_start__)
                0x0000000000000001                . = ASSERT (((__tdata_load_start__ == __tdata_load_end__) || ((__tdata_load_end__ >= __FLASH_segment_start__) && (__tdata_load_end__ <= __FLASH_segment_end__))), error: .tdata is too large to fit in FLASH memory segment)

.tdata_run      0x0000000020000004        0x0
                0x0000000020000004                __tdata_run_start__ = .
                0x0000000020000004                . = MAX ((__tdata_run_start__ + SIZEOF (.tdata)), .)
                0x0000000020000004                __tdata_run_end__ = (__tdata_run_start__ + SIZEOF (.tdata_run))
                0x0000000000000000                __tdata_run_size__ = SIZEOF (.tdata_run)
                0x0000000020000004                __tdata_run_load_end__ = __tdata_run_end__
                0x0000000000000001                . = ASSERT (((__tdata_run_start__ == __tdata_run_end__) || ((__tdata_run_end__ >= __RAM_segment_start__) && (__tdata_run_end__ <= __RAM_segment_end__))), error: .tdata_run is too large to fit in RAM memory segment)
                0x0000000020000004                __bss_load_start__ = ALIGN (__tdata_run_end__, 0x4)

.bss            0x0000000020000004      0x668
                0x0000000020000004                __bss_start__ = .
 *(.bss .bss.* .gnu.linkonce.b.*)
 .bss.pxCurrentTCB
                0x0000000020000004        0x4 Output/RTOS_SysView_blinky_demo Release/Obj/tasks.o
                0x0000000020000004                pxCurrentTCB
 .bss.pxDelayedTaskList
                0x0000000020000008        0x4 Output/RTOS_SysView_blinky_demo Release/Obj/tasks.o
 .bss.pxOverflowDelayedTaskList
                0x000000002000000c        0x4 Output/RTOS_SysView_blinky_demo Release/Obj/tasks.o
 .bss.pxReadyTasksLists
                0x0000000020000010       0x3c Output/RTOS_SysView_blinky_demo Release/Obj/tasks.o
 .bss.uxPendedTicks
                0x000000002000004c        0x4 Output/RTOS_SysView_blinky_demo Release/Obj/tasks.o
 .bss.uxSchedulerSuspended
                0x0000000020000050        0x4 Output/RTOS_SysView_blinky_demo Release/Obj/tasks.o
 .bss.uxTopReadyPriority
                0x0000000020000054        0x4 Output/RTOS_SysView_blinky_demo Release/Obj/tasks.o
 .bss.xIdleTaskHandle
                0x0000000020000058        0x4 Output/RTOS_SysView_blinky_demo Release/Obj/tasks.o
 .bss.xNextTaskUnblockTime
                0x000000002000005c        0x4 Output/RTOS_SysView_blinky_demo Release/Obj/tasks.o
 .bss.xNumOfOverflows
                0x0000000020000060        0x4 Output/RTOS_SysView_blinky_demo Release/Obj/tasks.o
 .bss.xTickCount
                0x0000000020000064        0x4 Output/RTOS_SysView_blinky_demo Release/Obj/tasks.o
 .bss.xYieldPending
                0x0000000020000068        0x4 Output/RTOS_SysView_blinky_demo Release/Obj/tasks.o
 .bss._SEGGER_RTT
                0x000000002000006c       0x78 Output/RTOS_SysView_blinky_demo Release/Obj/SEGGER_RTT.o
                0x000000002000006c                _SEGGER_RTT
 .bss._acDownBuffer
                0x00000000200000e4       0x10 Output/RTOS_SysView_blinky_demo Release/Obj/SEGGER_RTT.o
 .bss._acUpBuffer
                0x00000000200000f4      0x400 Output/RTOS_SysView_blinky_demo Release/Obj/SEGGER_RTT.o
 .bss._NumModules
                0x00000000200004f4        0x1 Output/RTOS_SysView_blinky_demo Release/Obj/SEGGER_SYSVIEW.o
 *fill*         0x00000000200004f5        0x3 
 .bss._SYSVIEW_Globals
                0x00000000200004f8       0x28 Output/RTOS_SysView_blinky_demo Release/Obj/SEGGER_SYSVIEW.o
 .bss._aPacket  0x0000000020000520       0xe3 Output/RTOS_SysView_blinky_demo Release/Obj/SEGGER_SYSVIEW.o
 *fill*         0x0000000020000603        0x1 
 .bss._pFirstModule
                0x0000000020000604        0x4 Output/RTOS_SysView_blinky_demo Release/Obj/SEGGER_SYSVIEW.o
 .bss.m_clock_cb
                0x0000000020000608        0x8 Output/RTOS_SysView_blinky_demo Release/Obj/nrfx_clock.o
 .bss.m_cb      0x0000000020000610       0x5c Output/RTOS_SysView_blinky_demo Release/Obj/nrfx_gpiote.o
 *(COMMON)
                0x000000002000066c                __bss_end__ = (__bss_start__ + SIZEOF (.bss))
                0x0000000000000668                __bss_size__ = SIZEOF (.bss)
                0x000000002000066c                __bss_load_end__ = __bss_end__
                0x0000000000000001                . = ASSERT (((__bss_start__ == __bss_end__) || ((__bss_end__ >= __RAM_segment_start__) && (__bss_end__ <= __RAM_segment_end__))), error: .bss is too large to fit in RAM memory segment)
                0x000000002000066c                __tbss_load_start__ = ALIGN (__bss_end__, 0x4)

.tbss           0x000000002000066c        0x0
                0x000000002000066c                __tbss_start__ = .
 *(.tbss .tbss.*)
                0x000000002000066c                __tbss_end__ = (__tbss_start__ + SIZEOF (.tbss))
                0x0000000000000000                __tbss_size__ = SIZEOF (.tbss)
                0x000000002000066c                __tbss_load_end__ = __tbss_end__
                0x0000000000000001                . = ASSERT (((__tbss_start__ == __tbss_end__) || ((__tbss_end__ >= __RAM_segment_start__) && (__tbss_end__ <= __RAM_segment_end__))), error: .tbss is too large to fit in RAM memory segment)
                0x000000002000066c                __non_init_load_start__ = ALIGN (__tbss_end__, 0x4)

.non_init       0x000000002000066c        0x0
                0x000000002000066c                __non_init_start__ = .
 *(.non_init .non_init.*)
                0x000000002000066c                __non_init_end__ = (__non_init_start__ + SIZEOF (.non_init))
                0x0000000000000000                __non_init_size__ = SIZEOF (.non_init)
                0x000000002000066c                __non_init_load_end__ = __non_init_end__
                0x0000000000000001                . = ASSERT (((__non_init_start__ == __non_init_end__) || ((__non_init_end__ >= __RAM_segment_start__) && (__non_init_end__ <= __RAM_segment_end__))), error: .non_init is too large to fit in RAM memory segment)
                0x000000002000066c                __heap_load_start__ = ALIGN (__non_init_end__, 0x4)

.heap           0x000000002000066c     0x2000
                0x000000002000066c                __heap_start__ = .
 *(.heap .heap.*)
                0x000000002000266c                . = ALIGN (MAX ((__heap_start__ + __HEAPSIZE__), .), 0x4)
 *fill*         0x000000002000066c     0x2000 
                0x000000002000266c                __heap_end__ = (__heap_start__ + SIZEOF (.heap))
                0x0000000000002000                __heap_size__ = SIZEOF (.heap)
                0x000000002000266c                __heap_load_end__ = __heap_end__
                0x0000000000000001                . = ASSERT (((__heap_start__ == __heap_end__) || ((__heap_end__ >= __RAM_segment_start__) && (__heap_end__ <= __RAM_segment_end__))), error: .heap is too large to fit in RAM memory segment)
                0x000000002000e000                __stack_load_start__ = (__RAM_segment_end__ - 0x2000)

.stack          0x000000002000e000     0x2000
                0x000000002000e000                __stack_start__ = .
                0x000000002000e000                __StackLimit = __stack_start__
 *(.stack .stack.*)
                0x0000000020010000                . = ALIGN (MAX ((__stack_start__ + __STACKSIZE__), .), 0x8)
 *fill*         0x000000002000e000     0x2000 
                0x0000000020010000                __stack_end__ = (__stack_start__ + SIZEOF (.stack))
                0x0000000000002000                __stack_size__ = SIZEOF (.stack)
                0x0000000020010000                __StackTop = __stack_end__
                0x0000000020010000                __stack_load_end__ = __stack_end__
                0x0000000000000001                . = ASSERT (((__stack_start__ == __stack_end__) || ((__stack_end__ >= __RAM_segment_start__) && (__stack_end__ <= __RAM_segment_end__))), error: .stack is too large to fit in RAM memory segment)
                0x0000000000000001                . = ASSERT ((__heap_end__ <= __stack_start__), error: section .heap overlaps absolute placed section .stack)
                0x0000000020010000                __stack_process_load_start__ = ALIGN (__stack_end__, 0x8)

.stack_process  0x0000000020010000        0x0
                0x0000000020010000                __stack_process_start__ = .
 *(.stack_process .stack_process.*)
                0x0000000020010000                . = ALIGN (MAX ((__stack_process_start__ + __STACKSIZE_PROCESS__), .), 0x8)
                0x0000000020010000                __stack_process_end__ = (__stack_process_start__ + SIZEOF (.stack_process))
                0x0000000000000000                __stack_process_size__ = SIZEOF (.stack_process)
                0x0000000020010000                __stack_process_load_end__ = __stack_process_end__
                0x0000000020010000                __RAM_segment_used_end__ = (ALIGN (__stack_end__, 0x8) + SIZEOF (.stack_process))
                0x0000000000010000                __RAM_segment_used_size__ = (__RAM_segment_used_end__ - __RAM_segment_start__)
                0x0000000000000001                . = ASSERT (((__stack_process_start__ == __stack_process_end__) || ((__stack_process_end__ >= __RAM_segment_start__) && (__stack_process_end__ <= __RAM_segment_end__))), error: .stack_process is too large to fit in RAM memory segment)
START GROUP
LOAD Output/RTOS_SysView_blinky_demo Release/Obj/queue.o
LOAD Output/RTOS_SysView_blinky_demo Release/Obj/tasks.o
LOAD Output/RTOS_SysView_blinky_demo Release/Obj/list.o
LOAD Output/RTOS_SysView_blinky_demo Release/Obj/port.o
LOAD Output/RTOS_SysView_blinky_demo Release/Obj/heap_2.o
LOAD Output/RTOS_SysView_blinky_demo Release/Obj/timers.o
LOAD Output/RTOS_SysView_blinky_demo Release/Obj/SEGGER_HardFaultHandler.o
LOAD Output/RTOS_SysView_blinky_demo Release/Obj/SEGGER_RTT.o
LOAD Output/RTOS_SysView_blinky_demo Release/Obj/SEGGER_RTT_Syscalls_SES.o
LOAD Output/RTOS_SysView_blinky_demo Release/Obj/SEGGER_SYSVIEW.o
LOAD Output/RTOS_SysView_blinky_demo Release/Obj/SEGGER_SYSVIEW_FreeRTOS.o
LOAD Output/RTOS_SysView_blinky_demo Release/Obj/boards.o
LOAD Output/RTOS_SysView_blinky_demo Release/Obj/app_button.o
LOAD Output/RTOS_SysView_blinky_demo Release/Obj/app_error.o
LOAD Output/RTOS_SysView_blinky_demo Release/Obj/app_error_handler_gcc.o
LOAD Output/RTOS_SysView_blinky_demo Release/Obj/app_error_weak.o
LOAD Output/RTOS_SysView_blinky_demo Release/Obj/app_timer_freertos.o
LOAD Output/RTOS_SysView_blinky_demo Release/Obj/app_util_platform.o
LOAD Output/RTOS_SysView_blinky_demo Release/Obj/nrf_assert.o
LOAD Output/RTOS_SysView_blinky_demo Release/Obj/nrf_strerror.o
LOAD Output/RTOS_SysView_blinky_demo Release/Obj/nrf_drv_clock.o
LOAD Output/RTOS_SysView_blinky_demo Release/Obj/nrf_nvic.o
LOAD Output/RTOS_SysView_blinky_demo Release/Obj/nrf_soc.o
LOAD Output/RTOS_SysView_blinky_demo Release/Obj/nrfx_clock.o
LOAD Output/RTOS_SysView_blinky_demo Release/Obj/nrfx_gpiote.o
LOAD Output/RTOS_SysView_blinky_demo Release/Obj/nrfx_power_clock.o
LOAD Output/RTOS_SysView_blinky_demo Release/Obj/bsp.o
LOAD Output/RTOS_SysView_blinky_demo Release/Obj/ses_nRF_Startup.o
LOAD Output/RTOS_SysView_blinky_demo Release/Obj/ses_nrf52_Vectors.o
LOAD Output/RTOS_SysView_blinky_demo Release/Obj/system_nrf52.o
LOAD Output/RTOS_SysView_blinky_demo Release/Obj/main.o
LOAD /usr/share/segger_embedded_studio_for_arm_3.34b/lib/libdebugio_mempoll_v7em_fpv4_sp_d16_hard_t_le_eabi.a
LOAD /usr/share/segger_embedded_studio_for_arm_3.34b/lib/libm_v7em_fpv4_sp_d16_hard_t_le_eabi.a
LOAD /usr/share/segger_embedded_studio_for_arm_3.34b/lib/libc_v7em_fpv4_sp_d16_hard_t_le_eabi.a
LOAD /usr/share/segger_embedded_studio_for_arm_3.34b/lib/libcpp_v7em_fpv4_sp_d16_hard_t_le_eabi.a
LOAD /usr/share/segger_embedded_studio_for_arm_3.34b/lib/libdebugio_v7em_fpv4_sp_d16_hard_t_le_eabi.a
LOAD /usr/share/segger_embedded_studio_for_arm_3.34b/lib/libvfprintf_v7em_fpv4_sp_d16_hard_t_le_eabi.o
LOAD /usr/share/segger_embedded_studio_for_arm_3.34b/lib/libvfscanf_v7em_fpv4_sp_d16_hard_t_le_eabi.o
END GROUP
OUTPUT(Output/Release/Exe/RTOS_SysView_blinky_demo.elf elf32-littlearm)

.debug_frame    0x0000000000000000     0x1acc
 .debug_frame   0x0000000000000000      0x72c Output/RTOS_SysView_blinky_demo Release/Obj/tasks.o
 .debug_frame   0x000000000000072c       0x70 Output/RTOS_SysView_blinky_demo Release/Obj/list.o
 .debug_frame   0x000000000000079c      0x120 Output/RTOS_SysView_blinky_demo Release/Obj/port.o
 .debug_frame   0x00000000000008bc      0x428 Output/RTOS_SysView_blinky_demo Release/Obj/SEGGER_RTT.o
 .debug_frame   0x0000000000000ce4      0x9a4 Output/RTOS_SysView_blinky_demo Release/Obj/SEGGER_SYSVIEW.o
 .debug_frame   0x0000000000001688      0x150 Output/RTOS_SysView_blinky_demo Release/Obj/nrfx_clock.o
 .debug_frame   0x00000000000017d8      0x298 Output/RTOS_SysView_blinky_demo Release/Obj/nrfx_gpiote.o
 .debug_frame   0x0000000000001a70       0x5c Output/RTOS_SysView_blinky_demo Release/Obj/system_nrf52.o

.debug_info     0x0000000000000000     0xf83c
 .debug_info    0x0000000000000000     0x3230 Output/RTOS_SysView_blinky_demo Release/Obj/tasks.o
 .debug_info    0x0000000000003230      0x7f6 Output/RTOS_SysView_blinky_demo Release/Obj/list.o
 .debug_info    0x0000000000003a26      0x9d5 Output/RTOS_SysView_blinky_demo Release/Obj/port.o
 .debug_info    0x00000000000043fb     0x17cd Output/RTOS_SysView_blinky_demo Release/Obj/SEGGER_RTT.o
 .debug_info    0x0000000000005bc8     0x41f7 Output/RTOS_SysView_blinky_demo Release/Obj/SEGGER_SYSVIEW.o
 .debug_info    0x0000000000009dbf     0x179d Output/RTOS_SysView_blinky_demo Release/Obj/nrfx_clock.o
 .debug_info    0x000000000000b55c     0x3025 Output/RTOS_SysView_blinky_demo Release/Obj/nrfx_gpiote.o
 .debug_info    0x000000000000e581       0xf7 Output/RTOS_SysView_blinky_demo Release/Obj/ses_nRF_Startup.o
 .debug_info    0x000000000000e678       0xf9 Output/RTOS_SysView_blinky_demo Release/Obj/ses_nrf52_Vectors.o
 .debug_info    0x000000000000e771     0x10cb Output/RTOS_SysView_blinky_demo Release/Obj/system_nrf52.o

.debug_abbrev   0x0000000000000000     0x1a61
 .debug_abbrev  0x0000000000000000      0x418 Output/RTOS_SysView_blinky_demo Release/Obj/tasks.o
 .debug_abbrev  0x0000000000000418      0x18f Output/RTOS_SysView_blinky_demo Release/Obj/list.o
 .debug_abbrev  0x00000000000005a7      0x2d1 Output/RTOS_SysView_blinky_demo Release/Obj/port.o
 .debug_abbrev  0x0000000000000878      0x300 Output/RTOS_SysView_blinky_demo Release/Obj/SEGGER_RTT.o
 .debug_abbrev  0x0000000000000b78      0x3ed Output/RTOS_SysView_blinky_demo Release/Obj/SEGGER_SYSVIEW.o
 .debug_abbrev  0x0000000000000f65      0x3fc Output/RTOS_SysView_blinky_demo Release/Obj/nrfx_clock.o
 .debug_abbrev  0x0000000000001361      0x4d0 Output/RTOS_SysView_blinky_demo Release/Obj/nrfx_gpiote.o
 .debug_abbrev  0x0000000000001831       0x14 Output/RTOS_SysView_blinky_demo Release/Obj/ses_nRF_Startup.o
 .debug_abbrev  0x0000000000001845       0x14 Output/RTOS_SysView_blinky_demo Release/Obj/ses_nrf52_Vectors.o
 .debug_abbrev  0x0000000000001859      0x208 Output/RTOS_SysView_blinky_demo Release/Obj/system_nrf52.o

.debug_loc      0x0000000000000000     0x9d8e
 .debug_loc     0x0000000000000000     0x1a11 Output/RTOS_SysView_blinky_demo Release/Obj/tasks.o
 .debug_loc     0x0000000000001a11       0x94 Output/RTOS_SysView_blinky_demo Release/Obj/list.o
 .debug_loc     0x0000000000001aa5      0x191 Output/RTOS_SysView_blinky_demo Release/Obj/port.o
 .debug_loc     0x0000000000001c36     0x13de Output/RTOS_SysView_blinky_demo Release/Obj/SEGGER_RTT.o
 .debug_loc     0x0000000000003014     0x53d9 Output/RTOS_SysView_blinky_demo Release/Obj/SEGGER_SYSVIEW.o
 .debug_loc     0x00000000000083ed      0x2bc Output/RTOS_SysView_blinky_demo Release/Obj/nrfx_clock.o
 .debug_loc     0x00000000000086a9     0x16e5 Output/RTOS_SysView_blinky_demo Release/Obj/nrfx_gpiote.o

.debug_pubnames
                0x0000000000000000     0x399e
 .debug_pubnames
                0x0000000000000000      0xa2e Output/RTOS_SysView_blinky_demo Release/Obj/tasks.o
 .debug_pubnames
                0x0000000000000a2e       0x72 Output/RTOS_SysView_blinky_demo Release/Obj/list.o
 .debug_pubnames
                0x0000000000000aa0      0x219 Output/RTOS_SysView_blinky_demo Release/Obj/port.o
 .debug_pubnames
                0x0000000000000cb9      0x3c3 Output/RTOS_SysView_blinky_demo Release/Obj/SEGGER_RTT.o
 .debug_pubnames
                0x000000000000107c      0xa99 Output/RTOS_SysView_blinky_demo Release/Obj/SEGGER_SYSVIEW.o
 .debug_pubnames
                0x0000000000001b15      0x9d7 Output/RTOS_SysView_blinky_demo Release/Obj/nrfx_clock.o
 .debug_pubnames
                0x00000000000024ec     0x1393 Output/RTOS_SysView_blinky_demo Release/Obj/nrfx_gpiote.o
 .debug_pubnames
                0x000000000000387f      0x11f Output/RTOS_SysView_blinky_demo Release/Obj/system_nrf52.o

.debug_pubtypes
                0x0000000000000000     0x1434
 .debug_pubtypes
                0x0000000000000000      0x357 Output/RTOS_SysView_blinky_demo Release/Obj/tasks.o
 .debug_pubtypes
                0x0000000000000357      0x229 Output/RTOS_SysView_blinky_demo Release/Obj/list.o
 .debug_pubtypes
                0x0000000000000580      0x201 Output/RTOS_SysView_blinky_demo Release/Obj/port.o
 .debug_pubtypes
                0x0000000000000781      0x173 Output/RTOS_SysView_blinky_demo Release/Obj/SEGGER_RTT.o
 .debug_pubtypes
                0x00000000000008f4      0x2af Output/RTOS_SysView_blinky_demo Release/Obj/SEGGER_SYSVIEW.o
 .debug_pubtypes
                0x0000000000000ba3      0x305 Output/RTOS_SysView_blinky_demo Release/Obj/nrfx_clock.o
 .debug_pubtypes
                0x0000000000000ea8      0x3d8 Output/RTOS_SysView_blinky_demo Release/Obj/nrfx_gpiote.o
 .debug_pubtypes
                0x0000000000001280      0x1b4 Output/RTOS_SysView_blinky_demo Release/Obj/system_nrf52.o

.debug_aranges  0x0000000000000000      0x7c8
 .debug_aranges
                0x0000000000000000      0x1d8 Output/RTOS_SysView_blinky_demo Release/Obj/tasks.o
 .debug_aranges
                0x00000000000001d8       0x40 Output/RTOS_SysView_blinky_demo Release/Obj/list.o
 .debug_aranges
                0x0000000000000218       0x80 Output/RTOS_SysView_blinky_demo Release/Obj/port.o
 .debug_aranges
                0x0000000000000298      0x108 Output/RTOS_SysView_blinky_demo Release/Obj/SEGGER_RTT.o
 .debug_aranges
                0x00000000000003a0      0x238 Output/RTOS_SysView_blinky_demo Release/Obj/SEGGER_SYSVIEW.o
 .debug_aranges
                0x00000000000005d8       0x80 Output/RTOS_SysView_blinky_demo Release/Obj/nrfx_clock.o
 .debug_aranges
                0x0000000000000658       0xf8 Output/RTOS_SysView_blinky_demo Release/Obj/nrfx_gpiote.o
 .debug_aranges
                0x0000000000000750       0x20 Output/RTOS_SysView_blinky_demo Release/Obj/ses_nRF_Startup.o
 .debug_aranges
                0x0000000000000770       0x20 Output/RTOS_SysView_blinky_demo Release/Obj/ses_nrf52_Vectors.o
 .debug_aranges
                0x0000000000000790       0x38 Output/RTOS_SysView_blinky_demo Release/Obj/system_nrf52.o

.debug_ranges   0x0000000000000000     0x16c0
 .debug_ranges  0x0000000000000000      0x310 Output/RTOS_SysView_blinky_demo Release/Obj/tasks.o
 .debug_ranges  0x0000000000000310       0x30 Output/RTOS_SysView_blinky_demo Release/Obj/list.o
 .debug_ranges  0x0000000000000340       0x88 Output/RTOS_SysView_blinky_demo Release/Obj/port.o
 .debug_ranges  0x00000000000003c8      0x160 Output/RTOS_SysView_blinky_demo Release/Obj/SEGGER_RTT.o
 .debug_ranges  0x0000000000000528      0xcb0 Output/RTOS_SysView_blinky_demo Release/Obj/SEGGER_SYSVIEW.o
 .debug_ranges  0x00000000000011d8       0xb8 Output/RTOS_SysView_blinky_demo Release/Obj/nrfx_clock.o
 .debug_ranges  0x0000000000001290      0x408 Output/RTOS_SysView_blinky_demo Release/Obj/nrfx_gpiote.o
 .debug_ranges  0x0000000000001698       0x28 Output/RTOS_SysView_blinky_demo Release/Obj/system_nrf52.o

.debug_macro    0x0000000000000000     0x13a1
 .debug_macro   0x0000000000000000      0x297 Output/RTOS_SysView_blinky_demo Release/Obj/tasks.o
 .debug_macro   0x0000000000000297       0x91 Output/RTOS_SysView_blinky_demo Release/Obj/tasks.o
 .debug_macro   0x0000000000000328       0x10 Output/RTOS_SysView_blinky_demo Release/Obj/tasks.o
 .debug_macro   0x0000000000000338      0x1c8 Output/RTOS_SysView_blinky_demo Release/Obj/list.o
 .debug_macro   0x0000000000000500      0x295 Output/RTOS_SysView_blinky_demo Release/Obj/port.o
 .debug_macro   0x0000000000000795       0x1c Output/RTOS_SysView_blinky_demo Release/Obj/port.o
 .debug_macro   0x00000000000007b1       0xa1 Output/RTOS_SysView_blinky_demo Release/Obj/SEGGER_RTT.o
 .debug_macro   0x0000000000000852       0x41 Output/RTOS_SysView_blinky_demo Release/Obj/SEGGER_RTT.o
 .debug_macro   0x0000000000000893      0x115 Output/RTOS_SysView_blinky_demo Release/Obj/SEGGER_RTT.o
 .debug_macro   0x00000000000009a8       0x10 Output/RTOS_SysView_blinky_demo Release/Obj/SEGGER_RTT.o
 .debug_macro   0x00000000000009b8      0x103 Output/RTOS_SysView_blinky_demo Release/Obj/SEGGER_SYSVIEW.o
 .debug_macro   0x0000000000000abb       0x1c Output/RTOS_SysView_blinky_demo Release/Obj/SEGGER_SYSVIEW.o
 .debug_macro   0x0000000000000ad7       0x65 Output/RTOS_SysView_blinky_demo Release/Obj/SEGGER_SYSVIEW.o
 .debug_macro   0x0000000000000b3c       0x35 Output/RTOS_SysView_blinky_demo Release/Obj/SEGGER_SYSVIEW.o
 .debug_macro   0x0000000000000b71      0x11b Output/RTOS_SysView_blinky_demo Release/Obj/SEGGER_SYSVIEW.o
 .debug_macro   0x0000000000000c8c       0x16 Output/RTOS_SysView_blinky_demo Release/Obj/SEGGER_SYSVIEW.o
 .debug_macro   0x0000000000000ca2       0x28 Output/RTOS_SysView_blinky_demo Release/Obj/SEGGER_SYSVIEW.o
 .debug_macro   0x0000000000000cca      0x2d3 Output/RTOS_SysView_blinky_demo Release/Obj/nrfx_clock.o
 .debug_macro   0x0000000000000f9d       0x1c Output/RTOS_SysView_blinky_demo Release/Obj/nrfx_clock.o
 .debug_macro   0x0000000000000fb9       0x42 Output/RTOS_SysView_blinky_demo Release/Obj/nrfx_clock.o
 .debug_macro   0x0000000000000ffb      0x2cc Output/RTOS_SysView_blinky_demo Release/Obj/nrfx_gpiote.o
 .debug_macro   0x00000000000012c7       0x1c Output/RTOS_SysView_blinky_demo Release/Obj/nrfx_gpiote.o
 .debug_macro   0x00000000000012e3       0x16 Output/RTOS_SysView_blinky_demo Release/Obj/nrfx_gpiote.o
 .debug_macro   0x00000000000012f9       0xa8 Output/RTOS_SysView_blinky_demo Release/Obj/system_nrf52.o

.debug_line     0x0000000000000000     0x4bd6
 .debug_line    0x0000000000000000      0xf0c Output/RTOS_SysView_blinky_demo Release/Obj/tasks.o
 .debug_line    0x0000000000000f0c      0x5a0 Output/RTOS_SysView_blinky_demo Release/Obj/list.o
 .debug_line    0x00000000000014ac      0x6a2 Output/RTOS_SysView_blinky_demo Release/Obj/port.o
 .debug_line    0x0000000000001b4e      0x5bd Output/RTOS_SysView_blinky_demo Release/Obj/SEGGER_RTT.o
 .debug_line    0x000000000000210b     0x1138 Output/RTOS_SysView_blinky_demo Release/Obj/SEGGER_SYSVIEW.o
 .debug_line    0x0000000000003243      0x87b Output/RTOS_SysView_blinky_demo Release/Obj/nrfx_clock.o
 .debug_line    0x0000000000003abe      0xce7 Output/RTOS_SysView_blinky_demo Release/Obj/nrfx_gpiote.o
 .debug_line    0x00000000000047a5       0xb4 Output/RTOS_SysView_blinky_demo Release/Obj/ses_nRF_Startup.o
 .debug_line    0x0000000000004859       0xbd Output/RTOS_SysView_blinky_demo Release/Obj/ses_nrf52_Vectors.o
 .debug_line    0x0000000000004916      0x2c0 Output/RTOS_SysView_blinky_demo Release/Obj/system_nrf52.o

.debug_str      0x0000000000000000    0x7520c
 .debug_str     0x0000000000000000    0x64d90 Output/RTOS_SysView_blinky_demo Release/Obj/tasks.o
                                      0x65912 (size before relaxing)
 .debug_str     0x0000000000064d90       0x9c Output/RTOS_SysView_blinky_demo Release/Obj/list.o
                                      0x63060 (size before relaxing)
 .debug_str     0x0000000000064e2c      0x7f4 Output/RTOS_SysView_blinky_demo Release/Obj/port.o
                                      0x63dcd (size before relaxing)
 .debug_str     0x0000000000065620      0xd97 Output/RTOS_SysView_blinky_demo Release/Obj/SEGGER_RTT.o
                                       0x3b4c (size before relaxing)
 .debug_str     0x00000000000663b7     0x1230 Output/RTOS_SysView_blinky_demo Release/Obj/SEGGER_SYSVIEW.o
                                       0x5a38 (size before relaxing)
 .debug_str     0x00000000000675e7     0xbbe6 Output/RTOS_SysView_blinky_demo Release/Obj/nrfx_clock.o
                                      0x68dda (size before relaxing)
 .debug_str     0x00000000000731cd     0x1c80 Output/RTOS_SysView_blinky_demo Release/Obj/nrfx_gpiote.o
                                      0x69f50 (size before relaxing)
 .debug_str     0x0000000000074e4d      0x3bf Output/RTOS_SysView_blinky_demo Release/Obj/system_nrf52.o
                                      0x5b4be (size before relaxing)

.comment        0x0000000000000000       0x4c
 .comment       0x0000000000000000       0x4c Output/RTOS_SysView_blinky_demo Release/Obj/tasks.o
                                         0x4d (size before relaxing)
 .comment       0x000000000000004c       0x4d Output/RTOS_SysView_blinky_demo Release/Obj/list.o
 .comment       0x000000000000004c       0x4d Output/RTOS_SysView_blinky_demo Release/Obj/port.o
 .comment       0x000000000000004c       0x4d Output/RTOS_SysView_blinky_demo Release/Obj/SEGGER_RTT.o
 .comment       0x000000000000004c       0x4d Output/RTOS_SysView_blinky_demo Release/Obj/SEGGER_SYSVIEW.o
 .comment       0x000000000000004c       0x4d Output/RTOS_SysView_blinky_demo Release/Obj/nrfx_clock.o
 .comment       0x000000000000004c       0x4d Output/RTOS_SysView_blinky_demo Release/Obj/nrfx_gpiote.o
 .comment       0x000000000000004c       0x4d Output/RTOS_SysView_blinky_demo Release/Obj/system_nrf52.o

.ARM.attributes
                0x0000000000000000       0x37
 .ARM.attributes
                0x0000000000000000       0x39 Output/RTOS_SysView_blinky_demo Release/Obj/tasks.o
 .ARM.attributes
                0x0000000000000039       0x39 Output/RTOS_SysView_blinky_demo Release/Obj/list.o
 .ARM.attributes
                0x0000000000000072       0x39 Output/RTOS_SysView_blinky_demo Release/Obj/port.o
 .ARM.attributes
                0x00000000000000ab       0x39 Output/RTOS_SysView_blinky_demo Release/Obj/SEGGER_RTT.o
 .ARM.attributes
                0x00000000000000e4       0x39 Output/RTOS_SysView_blinky_demo Release/Obj/SEGGER_SYSVIEW.o
 .ARM.attributes
                0x000000000000011d       0x39 Output/RTOS_SysView_blinky_demo Release/Obj/nrfx_clock.o
 .ARM.attributes
                0x0000000000000156       0x39 Output/RTOS_SysView_blinky_demo Release/Obj/nrfx_gpiote.o
 .ARM.attributes
                0x000000000000018f       0x25 Output/RTOS_SysView_blinky_demo Release/Obj/ses_nRF_Startup.o
 .ARM.attributes
                0x00000000000001b4       0x25 Output/RTOS_SysView_blinky_demo Release/Obj/ses_nrf52_Vectors.o
 .ARM.attributes
                0x00000000000001d9       0x39 Output/RTOS_SysView_blinky_demo Release/Obj/system_nrf52.o
 .ARM.attributes
                0x0000000000000212       0x20 /usr/share/segger_embedded_studio_for_arm_3.34b/lib/libc_v7em_fpv4_sp_d16_hard_t_le_eabi.a(libc2_asm.o)
