Archive member included to satisfy reference by file (symbol)

/usr/share/segger_embedded_studio_for_arm_3.34b/lib/libc_v7em_fpv4_sp_d16_hard_t_le_eabi.a(libc_asm.o)
                              Output/blinky_FreeRTOS_pca10040 Release/Obj/app_button.o (__aeabi_llsl)
/usr/share/segger_embedded_studio_for_arm_3.34b/lib/libc_v7em_fpv4_sp_d16_hard_t_le_eabi.a(libc2_asm.o)
                              Output/blinky_FreeRTOS_pca10040 Release/Obj/queue.o (memcpy)
/usr/share/segger_embedded_studio_for_arm_3.34b/lib/libdebugio_v7em_fpv4_sp_d16_hard_t_le_eabi.a(libdebugio.o)
                              Output/blinky_FreeRTOS_pca10040 Release/Obj/thumb_crt0.o (debug_fopen)
/usr/share/segger_embedded_studio_for_arm_3.34b/lib/libdebugio_mempoll_v7em_fpv4_sp_d16_hard_t_le_eabi.a(mempoll_debug_operations.o)
                              /usr/share/segger_embedded_studio_for_arm_3.34b/lib/libdebugio_v7em_fpv4_sp_d16_hard_t_le_eabi.a(libdebugio.o) (__do_debug_operation)
/usr/share/segger_embedded_studio_for_arm_3.34b/lib/libdebugio_mempoll_v7em_fpv4_sp_d16_hard_t_le_eabi.a(do_nv_debug_operation.o)
                              /usr/share/segger_embedded_studio_for_arm_3.34b/lib/libdebugio_v7em_fpv4_sp_d16_hard_t_le_eabi.a(libdebugio.o) (__do_nvdebug_operation)
/usr/share/segger_embedded_studio_for_arm_3.34b/lib/libm_v7em_fpv4_sp_d16_hard_t_le_eabi.a(libm_asm.o)
                              /usr/share/segger_embedded_studio_for_arm_3.34b/lib/libvfscanf_v7em_fpv4_sp_d16_hard_t_le_eabi.o (__aeabi_i2d)
/usr/share/segger_embedded_studio_for_arm_3.34b/lib/libm_v7em_fpv4_sp_d16_hard_t_le_eabi.a(libm2.o)
                              /usr/share/segger_embedded_studio_for_arm_3.34b/lib/libvfprintf_v7em_fpv4_sp_d16_hard_t_le_eabi.o (frexp)
/usr/share/segger_embedded_studio_for_arm_3.34b/lib/libm_v7em_fpv4_sp_d16_hard_t_le_eabi.a(libm2_asm.o)
                              /usr/share/segger_embedded_studio_for_arm_3.34b/lib/libm_v7em_fpv4_sp_d16_hard_t_le_eabi.a(libm2.o) (fabs)
/usr/share/segger_embedded_studio_for_arm_3.34b/lib/libc_v7em_fpv4_sp_d16_hard_t_le_eabi.a(libc2.o)
                              /usr/share/segger_embedded_studio_for_arm_3.34b/lib/libvfscanf_v7em_fpv4_sp_d16_hard_t_le_eabi.o (__getc)

Discarded input sections

 .text          0x0000000000000000        0x0 Output/blinky_FreeRTOS_pca10040 Release/Obj/thumb_crt0.o
 .data          0x0000000000000000        0x0 Output/blinky_FreeRTOS_pca10040 Release/Obj/thumb_crt0.o
 .bss           0x0000000000000000        0x0 Output/blinky_FreeRTOS_pca10040 Release/Obj/thumb_crt0.o
 .text.__aeabi_read_tp
                0x0000000000000000        0x8 Output/blinky_FreeRTOS_pca10040 Release/Obj/thumb_crt0.o
 .text.__heap_lock
                0x0000000000000000        0x2 Output/blinky_FreeRTOS_pca10040 Release/Obj/thumb_crt0.o
 .text.__heap_unlock
                0x0000000000000000        0x2 Output/blinky_FreeRTOS_pca10040 Release/Obj/thumb_crt0.o
 .text.__printf_lock
                0x0000000000000000        0x2 Output/blinky_FreeRTOS_pca10040 Release/Obj/thumb_crt0.o
 .text.__printf_unlock
                0x0000000000000000        0x2 Output/blinky_FreeRTOS_pca10040 Release/Obj/thumb_crt0.o
 .text.__scanf_lock
                0x0000000000000000        0x2 Output/blinky_FreeRTOS_pca10040 Release/Obj/thumb_crt0.o
 .text.__scanf_unlock
                0x0000000000000000        0x2 Output/blinky_FreeRTOS_pca10040 Release/Obj/thumb_crt0.o
 .text.__debug_io_lock
                0x0000000000000000        0x2 Output/blinky_FreeRTOS_pca10040 Release/Obj/thumb_crt0.o
 .text.__debug_io_unlock
                0x0000000000000000        0x2 Output/blinky_FreeRTOS_pca10040 Release/Obj/thumb_crt0.o
 .text.abort    0x0000000000000000        0x2 Output/blinky_FreeRTOS_pca10040 Release/Obj/thumb_crt0.o
 .text.__assert
                0x0000000000000000        0x2 Output/blinky_FreeRTOS_pca10040 Release/Obj/thumb_crt0.o
 .text.__aeabi_assert
                0x0000000000000000        0x2 Output/blinky_FreeRTOS_pca10040 Release/Obj/thumb_crt0.o
 .text.__cxa_pure_virtual
                0x0000000000000000        0x2 Output/blinky_FreeRTOS_pca10040 Release/Obj/thumb_crt0.o
 .text.__cxa_guard_acquire
                0x0000000000000000       0x10 Output/blinky_FreeRTOS_pca10040 Release/Obj/thumb_crt0.o
 .text.__cxa_guard_release
                0x0000000000000000        0x6 Output/blinky_FreeRTOS_pca10040 Release/Obj/thumb_crt0.o
 .text.__cxa_guard_abort
                0x0000000000000000        0x2 Output/blinky_FreeRTOS_pca10040 Release/Obj/thumb_crt0.o
 .text.__sync_synchronize
                0x0000000000000000        0x2 Output/blinky_FreeRTOS_pca10040 Release/Obj/thumb_crt0.o
 .text.__getchar
                0x0000000000000000        0x4 Output/blinky_FreeRTOS_pca10040 Release/Obj/thumb_crt0.o
 .text.__putchar
                0x0000000000000000        0x4 Output/blinky_FreeRTOS_pca10040 Release/Obj/thumb_crt0.o
[...]
Memory Configuration

Name             Origin             Length             Attributes
UNPLACED_SECTIONS 0x0000000100000000 0x0000000000000000 xw
RAM              0x0000000020000000 0x0000000000010000 xw
FLASH            0x0000000000000000 0x0000000000080000 xw
*default*        0x0000000000000000 0xffffffffffffffff

Linker script and memory map

                0x0000000000000000                __vfprintf = __vfprintf_long
                0x0000000000000000                __vfscanf = __vfscanf_int
                0x0000000020000000                __RAM_segment_start__ = 0x20000000
                0x0000000020010000                __RAM_segment_end__ = 0x20010000
                0x0000000000010000                __RAM_segment_size__ = 0x10000
                0x0000000000000000                __FLASH_segment_start__ = 0x0
                0x0000000000080000                __FLASH_segment_end__ = 0x80000
                0x0000000000080000                __FLASH_segment_size__ = 0x80000
                0x0000000000002000                __HEAPSIZE__ = 0x2000
                0x0000000000000000                __STACKSIZE_ABT__ = 0x0
                0x0000000000000000                __STACKSIZE_FIQ__ = 0x0
                0x0000000000000000                __STACKSIZE_IRQ__ = 0x0
                0x0000000000000000                __STACKSIZE_PROCESS__ = 0x0
                0x0000000000000000                __STACKSIZE_SVC__ = 0x0
                0x0000000000000000                __STACKSIZE_UND__ = 0x0
                0x0000000000002000                __STACKSIZE__ = 0x2000
                0x0000000020000000                __vectors_ram_load_start__ = 0x20000000

.vectors_ram    0x0000000020000000        0x0
                0x0000000020000000                __vectors_ram_start__ = .
                0x0000000020000000                __app_ram_start__ = __vectors_ram_start__
 *(.vectors_ram .vectors_ram.*)
                0x0000000020000000                __vectors_ram_end__ = (__vectors_ram_start__ + SIZEOF (.vectors_ram))
                0x0000000000000000                __vectors_ram_size__ = SIZEOF (.vectors_ram)
                0x0000000020000000                __vectors_ram_load_end__ = __vectors_ram_end__
                0x0000000000000001                . = ASSERT (((__vectors_ram_start__ == __vectors_ram_end__) || ((__vectors_ram_end__ >= __RAM_segment_start__) && (__vectors_ram_end__ <= __RAM_segment_end__))), error: .vectors_ram is too large to fit in RAM memory segment)
                0x0000000020000000                __nrf_sections_run_load_start__ = ALIGN (__vectors_ram_end__, 0x4)

.nrf_sections_run
                0x0000000020000000        0x0
                0x0000000020000000                __nrf_sections_run_start__ = .
                0x0000000020000000                __start_nrf_sections_run = __nrf_sections_run_start__
 *(.nrf_sections_run .nrf_sections_run.*)
                0x0000000020000000                __nrf_sections_run_end__ = (__nrf_sections_run_start__ + SIZEOF (.nrf_sections_run))
                0x0000000000000000                __nrf_sections_run_size__ = SIZEOF (.nrf_sections_run)
                0x0000000020000000                __nrf_sections_run_load_end__ = __nrf_sections_run_end__
                0x0000000000000001                . = ASSERT (((__nrf_sections_run_start__ == __nrf_sections_run_end__) || ((__nrf_sections_run_end__ >= __RAM_segment_start__) && (__nrf_sections_run_end__ <= __RAM_segment_end__))), error: .nrf_sections_run is too large to fit in RAM memory segment)
                0x0000000000000000                __vectors_load_start__ = 0x0

.vectors        0x0000000000000000       0xdc
                0x0000000000000000                __vectors_start__ = .
 *(.vectors .vectors.*)
 .vectors       0x0000000000000000       0xdc Output/blinky_FreeRTOS_pca10040 Release/Obj/ses_nrf52_Vectors.o
                0x0000000000000000                _vectors
                0x00000000000000dc                __vectors_end__ = (__vectors_start__ + SIZEOF (.vectors))
                0x00000000000000dc                __vectors_size__ = SIZEOF (.vectors)
                0x00000000000000dc                __vectors_load_end__ = __vectors_end__
                0x0000000000000001                . = ASSERT (((__vectors_start__ == __vectors_end__) || ((__vectors_end__ >= __FLASH_segment_start__) && (__vectors_end__ <= __FLASH_segment_end__))), error: .vectors is too large to fit in FLASH memory segment)
                0x00000000000000dc                __init_load_start__ = ALIGN (__vectors_end__, 0x4)

.init           0x00000000000000dc      0x218
                0x00000000000000dc                __init_start__ = .
 *(.init .init.*)
 .init          0x00000000000000dc      0x160 Output/blinky_FreeRTOS_pca10040 Release/Obj/thumb_crt0.o
                0x00000000000000dc                _start
                0x0000000000000192                exit
 .init          0x000000000000023c       0x58 Output/blinky_FreeRTOS_pca10040 Release/Obj/ses_nRF_Startup.o
                0x000000000000023c                Reset_Handler
                0x0000000000000260                InitializeUserMemorySections
 .init          0x0000000000000294       0x60 Output/blinky_FreeRTOS_pca10040 Release/Obj/ses_nrf52_Vectors.o
                0x0000000000000294                NMI_Handler
                0x0000000000000296                HardFault_Handler
                0x0000000000000298                MemoryManagement_Handler
                0x000000000000029a                BusFault_Handler
                0x000000000000029c                UsageFault_Handler
                0x00000000000002a0                DebugMon_Handler
                0x00000000000002a4                SysTick_Handler
                0x00000000000002aa                RADIO_IRQHandler
                0x00000000000002ac                UARTE0_UART0_IRQHandler
                0x00000000000002ae                SPIM0_SPIS0_TWIM0_TWIS0_SPI0_TWI0_IRQHandler
                0x00000000000002b0                SPIM1_SPIS1_TWIM1_TWIS1_SPI1_TWI1_IRQHandler
                0x00000000000002b2                NFCT_IRQHandler
                0x00000000000002b6                SAADC_IRQHandler
                0x00000000000002b8                TIMER0_IRQHandler
                0x00000000000002ba                TIMER1_IRQHandler
                0x00000000000002bc                TIMER2_IRQHandler
                0x00000000000002be                RTC0_IRQHandler
                0x00000000000002c0                TEMP_IRQHandler
                0x00000000000002c2                RNG_IRQHandler
                0x00000000000002c4                ECB_IRQHandler
                0x00000000000002c6                CCM_AAR_IRQHandler
                0x00000000000002c8                WDT_IRQHandler
                0x00000000000002cc                QDEC_IRQHandler
                0x00000000000002ce                COMP_LPCOMP_IRQHandler
                0x00000000000002d0                SWI0_EGU0_IRQHandler
                0x00000000000002d2                SWI1_EGU1_IRQHandler
                0x00000000000002d4                SWI2_EGU2_IRQHandler
                0x00000000000002d6                SWI3_EGU3_IRQHandler
                0x00000000000002d8                SWI4_EGU4_IRQHandler
                0x00000000000002da                SWI5_EGU5_IRQHandler
                0x00000000000002dc                TIMER3_IRQHandler
                0x00000000000002de                TIMER4_IRQHandler
                0x00000000000002e0                PWM0_IRQHandler
                0x00000000000002e2                PDM_IRQHandler
                0x00000000000002e4                MWU_IRQHandler
                0x00000000000002e6                PWM1_IRQHandler
                0x00000000000002e8                PWM2_IRQHandler
                0x00000000000002ea                SPIM2_SPIS2_SPI2_IRQHandler
                0x00000000000002ec                RTC2_IRQHandler
                0x00000000000002ee                I2S_IRQHandler
                0x00000000000002f0                FPU_IRQHandler
                0x00000000000002f4                __init_end__ = (__init_start__ + SIZEOF (.init))
                0x0000000000000218                __init_size__ = SIZEOF (.init)
                0x00000000000002f4                __init_load_end__ = __init_end__
                0x0000000000000001                . = ASSERT (((__init_start__ == __init_end__) || ((__init_end__ >= __FLASH_segment_start__) && (__init_end__ <= __FLASH_segment_end__))), error: .init is too large to fit in FLASH memory segment)
                0x00000000000002f4                __init_rodata_load_start__ = ALIGN (__init_end__, 0x4)

.init_rodata    0x00000000000002f4        0x0
                0x00000000000002f4                __init_rodata_start__ = .
 *(.init_rodata .init_rodata.*)
                0x00000000000002f4                __init_rodata_end__ = (__init_rodata_start__ + SIZEOF (.init_rodata))
                0x0000000000000000                __init_rodata_size__ = SIZEOF (.init_rodata)
                0x00000000000002f4                __init_rodata_load_end__ = __init_rodata_end__
                0x0000000000000001                . = ASSERT (((__init_rodata_start__ == __init_rodata_end__) || ((__init_rodata_end__ >= __FLASH_segment_start__) && (__init_rodata_end__ <= __FLASH_segment_end__))), error: .init_rodata is too large to fit in FLASH memory segment)
                0x00000000000002f4                __text_load_start__ = ALIGN (__init_rodata_end__, 0x4)

.text           0x00000000000002f4     0x2f8c
                0x00000000000002f4                __text_start__ = .
 *(.text .text.* .glue_7t .glue_7 .gnu.linkonce.t.* .gcc_except_table .ARM.extab* .gnu.linkonce.armextab.*)
 .glue_7        0x00000000000002f4        0x0 linker stubs
 .glue_7t       0x00000000000002f4        0x0 linker stubs
 .text.bsp_board_led_off
                0x00000000000002f4       0x18 Output/blinky_FreeRTOS_pca10040 Release/Obj/boards.o
                0x00000000000002f4                bsp_board_led_off
 .text.bsp_board_leds_off
                0x000000000000030c       0x1e Output/blinky_FreeRTOS_pca10040 Release/Obj/boards.o
                0x000000000000030c                bsp_board_leds_off
 *fill*         0x000000000000032a        0x2 
 .text.bsp_board_led_invert
                0x000000000000032c       0x24 Output/blinky_FreeRTOS_pca10040 Release/Obj/boards.o
                0x000000000000032c                bsp_board_led_invert
 .text.bsp_board_init
                0x0000000000000350       0x3e Output/blinky_FreeRTOS_pca10040 Release/Obj/boards.o
                0x0000000000000350                bsp_board_init
 *fill*         0x000000000000038e        0x2 
 .text.pvPortMalloc
                0x0000000000000390       0x70 Output/blinky_FreeRTOS_pca10040 Release/Obj/heap_1.o
                0x0000000000000390                pvPortMalloc
 .text.vPortFree
                0x0000000000000400        0x2 Output/blinky_FreeRTOS_pca10040 Release/Obj/heap_1.o
                0x0000000000000400                vPortFree
 .text.vListInitialise
                0x0000000000000402       0x16 Output/blinky_FreeRTOS_pca10040 Release/Obj/list.o
                0x0000000000000402                vListInitialise
 .text.vListInitialiseItem
                0x0000000000000418        0x6 Output/blinky_FreeRTOS_pca10040 Release/Obj/list.o
                0x0000000000000418                vListInitialiseItem
 .text.vListInsertEnd
                0x000000000000041e       0x18 Output/blinky_FreeRTOS_pca10040 Release/Obj/list.o
                0x000000000000041e                vListInsertEnd
 .text.vListInsert
                0x0000000000000436       0x2e Output/blinky_FreeRTOS_pca10040 Release/Obj/list.o
                0x0000000000000436                vListInsert
 .text.uxListRemove
                0x0000000000000464       0x22 Output/blinky_FreeRTOS_pca10040 Release/Obj/list.o
                0x0000000000000464                uxListRemove
 *fill*         0x0000000000000486        0x2 
 .text.vPortStartFirstTask
                0x0000000000000488       0x1c Output/blinky_FreeRTOS_pca10040 Release/Obj/port.o
                0x0000000000000488                vPortStartFirstTask
 .text.SVC_Handler
                0x00000000000004a4       0x20 Output/blinky_FreeRTOS_pca10040 Release/Obj/port.o
                0x00000000000004a4                SVC_Handler
 .text.PendSV_Handler
                0x00000000000004c4       0x60 Output/blinky_FreeRTOS_pca10040 Release/Obj/port.o
                0x00000000000004c4                PendSV_Handler
 .text.prvTaskExitError
                0x0000000000000524        0x8 Output/blinky_FreeRTOS_pca10040 Release/Obj/port_cmsis.o
 .text.pxPortInitialiseStack
                0x000000000000052c       0x24 Output/blinky_FreeRTOS_pca10040 Release/Obj/port_cmsis.o
                0x000000000000052c                pxPortInitialiseStack
 .text.xPortStartScheduler
                0x0000000000000550       0x4c Output/blinky_FreeRTOS_pca10040 Release/Obj/port_cmsis.o
                0x0000000000000550                xPortStartScheduler
 .text.vPortEnterCritical
                0x000000000000059c       0x14 Output/blinky_FreeRTOS_pca10040 Release/Obj/port_cmsis.o
                0x000000000000059c                vPortEnterCritical
 .text.vPortExitCritical
                0x00000000000005b0       0x14 Output/blinky_FreeRTOS_pca10040 Release/Obj/port_cmsis.o
                0x00000000000005b0                vPortExitCritical
 .text.RTC1_IRQHandler
                0x00000000000005c4       0x74 Output/blinky_FreeRTOS_pca10040 Release/Obj/port_cmsis_systick.o
                0x00000000000005c4                RTC1_IRQHandler
 .text.vPortSetupTimerInterrupt
                0x0000000000000638       0x40 Output/blinky_FreeRTOS_pca10040 Release/Obj/port_cmsis_systick.o
                0x0000000000000638                vPortSetupTimerInterrupt
 .text.vPortSuppressTicksAndSleep
                0x0000000000000678       0xb4 Output/blinky_FreeRTOS_pca10040 Release/Obj/port_cmsis_systick.o
                0x0000000000000678                vPortSuppressTicksAndSleep
 .text.prvIsQueueEmpty
                0x000000000000072c       0x16 Output/blinky_FreeRTOS_pca10040 Release/Obj/queue.o
 .text.prvCopyDataToQueue
                0x0000000000000742       0x66 Output/blinky_FreeRTOS_pca10040 Release/Obj/queue.o
 .text.prvCopyDataFromQueue
                0x00000000000007a8       0x2a Output/blinky_FreeRTOS_pca10040 Release/Obj/queue.o
 .text.prvUnlockQueue
                0x00000000000007d2       0x70 Output/blinky_FreeRTOS_pca10040 Release/Obj/queue.o
 *fill*         0x0000000000000842        0x2 
 .text.xQueueGenericReset
                0x0000000000000844       0x6c Output/blinky_FreeRTOS_pca10040 Release/Obj/queue.o
                0x0000000000000844                xQueueGenericReset
 .text.xQueueGenericCreate
                0x00000000000008b0       0xe8 Output/blinky_FreeRTOS_pca10040 Release/Obj/queue.o
                0x00000000000008b0                xQueueGenericCreate
 .text.xQueueGenericSend
                0x0000000000000998      0x204 Output/blinky_FreeRTOS_pca10040 Release/Obj/queue.o
                0x0000000000000998                xQueueGenericSend
 .text.xQueueGenericSendFromISR
                0x0000000000000b9c       0xdc Output/blinky_FreeRTOS_pca10040 Release/Obj/queue.o
                0x0000000000000b9c                xQueueGenericSendFromISR
 .text.xQueueReceive
                0x0000000000000c78      0x1f8 Output/blinky_FreeRTOS_pca10040 Release/Obj/queue.o
                0x0000000000000c78                xQueueReceive
 .text.uxQueueGetQueueNumber
                0x0000000000000e70        0x4 Output/blinky_FreeRTOS_pca10040 Release/Obj/queue.o
                0x0000000000000e70                uxQueueGetQueueNumber
 .text.vQueueSetQueueNumber
                0x0000000000000e74        0x4 Output/blinky_FreeRTOS_pca10040 Release/Obj/queue.o
                0x0000000000000e74                vQueueSetQueueNumber
 .text.vQueueAddToRegistry
                0x0000000000000e78       0x3c Output/blinky_FreeRTOS_pca10040 Release/Obj/queue.o
                0x0000000000000e78                vQueueAddToRegistry
 .text.vQueueWaitForMessageRestricted
                0x0000000000000eb4       0x46 Output/blinky_FreeRTOS_pca10040 Release/Obj/queue.o
                0x0000000000000eb4                vQueueWaitForMessageRestricted
 *fill*         0x0000000000000efa        0x2 
 .text.prvGetExpectedIdleTime
                0x0000000000000efc       0x3c Output/blinky_FreeRTOS_pca10040 Release/Obj/tasks.o
 .text.prvResetNextTaskUnblockTime
                0x0000000000000f38       0x24 Output/blinky_FreeRTOS_pca10040 Release/Obj/tasks.o
 .text.prvAddCurrentTaskToDelayedList
                0x0000000000000f5c       0x8c Output/blinky_FreeRTOS_pca10040 Release/Obj/tasks.o
 .text.xTaskCreate
                0x0000000000000fe8      0x224 Output/blinky_FreeRTOS_pca10040 Release/Obj/tasks.o
                0x0000000000000fe8                xTaskCreate
 .text.vTaskStartScheduler
                0x000000000000120c       0x60 Output/blinky_FreeRTOS_pca10040 Release/Obj/tasks.o
                0x000000000000120c                vTaskStartScheduler
 .text.vTaskSuspendAll
                0x000000000000126c       0x10 Output/blinky_FreeRTOS_pca10040 Release/Obj/tasks.o
                0x000000000000126c                vTaskSuspendAll
 .text.xTaskGetTickCount
                0x000000000000127c        0xc Output/blinky_FreeRTOS_pca10040 Release/Obj/tasks.o
                0x000000000000127c                xTaskGetTickCount
 .text.vTaskStepTick
                0x0000000000001288       0x1c Output/blinky_FreeRTOS_pca10040 Release/Obj/tasks.o
                0x0000000000001288                vTaskStepTick
 .text.xTaskIncrementTick
                0x00000000000012a4      0x130 Output/blinky_FreeRTOS_pca10040 Release/Obj/tasks.o
                0x00000000000012a4                xTaskIncrementTick
 .text.xTaskResumeAll
                0x00000000000013d4       0xf4 Output/blinky_FreeRTOS_pca10040 Release/Obj/tasks.o
                0x00000000000013d4                xTaskResumeAll
 .text.vTaskDelay
                0x00000000000014c8       0x50 Output/blinky_FreeRTOS_pca10040 Release/Obj/tasks.o
                0x00000000000014c8                vTaskDelay
 .text.prvIdleTask
                0x0000000000001518       0x98 Output/blinky_FreeRTOS_pca10040 Release/Obj/tasks.o
 .text.vTaskSwitchContext
                0x00000000000015b0       0x88 Output/blinky_FreeRTOS_pca10040 Release/Obj/tasks.o
                0x00000000000015b0                vTaskSwitchContext
 .text.vTaskPlaceOnEventList
                0x0000000000001638       0x20 Output/blinky_FreeRTOS_pca10040 Release/Obj/tasks.o
                0x0000000000001638                vTaskPlaceOnEventList
 .text.vTaskPlaceOnEventListRestricted
                0x0000000000001658       0x4c Output/blinky_FreeRTOS_pca10040 Release/Obj/tasks.o
                0x0000000000001658                vTaskPlaceOnEventListRestricted
 .text.xTaskRemoveFromEventList
                0x00000000000016a4       0x8c Output/blinky_FreeRTOS_pca10040 Release/Obj/tasks.o
                0x00000000000016a4                xTaskRemoveFromEventList
 .text.vTaskInternalSetTimeOutState
                0x0000000000001730       0x18 Output/blinky_FreeRTOS_pca10040 Release/Obj/tasks.o
                0x0000000000001730                vTaskInternalSetTimeOutState
 .text.xTaskCheckForTimeOut
                0x0000000000001748       0x50 Output/blinky_FreeRTOS_pca10040 Release/Obj/tasks.o
                0x0000000000001748                xTaskCheckForTimeOut
 .text.vTaskMissedYield
                0x0000000000001798        0xc Output/blinky_FreeRTOS_pca10040 Release/Obj/tasks.o
                0x0000000000001798                vTaskMissedYield
 .text.uxTaskGetTaskNumber
                0x00000000000017a4        0x6 Output/blinky_FreeRTOS_pca10040 Release/Obj/tasks.o
                0x00000000000017a4                uxTaskGetTaskNumber
 .text.vTaskSetTaskNumber
                0x00000000000017aa        0x6 Output/blinky_FreeRTOS_pca10040 Release/Obj/tasks.o
                0x00000000000017aa                vTaskSetTaskNumber
 .text.eTaskConfirmSleepModeStatus
                0x00000000000017b0       0x34 Output/blinky_FreeRTOS_pca10040 Release/Obj/tasks.o
                0x00000000000017b0                eTaskConfirmSleepModeStatus
 .text.xTaskGetCurrentTaskHandle
                0x00000000000017e4        0xc Output/blinky_FreeRTOS_pca10040 Release/Obj/tasks.o
                0x00000000000017e4                xTaskGetCurrentTaskHandle
 .text.xTaskGetSchedulerState
                0x00000000000017f0       0x20 Output/blinky_FreeRTOS_pca10040 Release/Obj/tasks.o
                0x00000000000017f0                xTaskGetSchedulerState
 .text.xTaskPriorityDisinherit
                0x0000000000001810       0xb8 Output/blinky_FreeRTOS_pca10040 Release/Obj/tasks.o
                0x0000000000001810                xTaskPriorityDisinherit
 .text.prvCheckForValidListAndQueue
                0x00000000000018c8       0x58 Output/blinky_FreeRTOS_pca10040 Release/Obj/timers.o
 .text.prvInsertTimerInActiveList
                0x0000000000001920       0x3c Output/blinky_FreeRTOS_pca10040 Release/Obj/timers.o
 .text.xTimerCreateTimerTask
                0x000000000000195c       0x38 Output/blinky_FreeRTOS_pca10040 Release/Obj/timers.o
                0x000000000000195c                xTimerCreateTimerTask
 .text.xTimerGenericCommand
                0x0000000000001994       0x44 Output/blinky_FreeRTOS_pca10040 Release/Obj/timers.o
                0x0000000000001994                xTimerGenericCommand
 .text.prvSwitchTimerLists
                0x00000000000019d8       0x68 Output/blinky_FreeRTOS_pca10040 Release/Obj/timers.o
 .text.prvTimerTask
                0x0000000000001a40      0x194 Output/blinky_FreeRTOS_pca10040 Release/Obj/timers.o
 .text.TzCtrl   0x0000000000001bd4       0xd4 Output/blinky_FreeRTOS_pca10040 Release/Obj/trcKernelPort.o
 .text.prvTraceGetTaskNumberHigh16
                0x0000000000001ca8        0xa Output/blinky_FreeRTOS_pca10040 Release/Obj/trcKernelPort.o
                0x0000000000001ca8                prvTraceGetTaskNumberHigh16
 .text.prvTraceSetTaskNumberHigh16
                0x0000000000001cb2       0x1a Output/blinky_FreeRTOS_pca10040 Release/Obj/trcKernelPort.o
                0x0000000000001cb2                prvTraceSetTaskNumberHigh16
 .text.prvTraceGetQueueNumberHigh16
                0x0000000000001ccc        0xa Output/blinky_FreeRTOS_pca10040 Release/Obj/trcKernelPort.o
                0x0000000000001ccc                prvTraceGetQueueNumberHigh16
 .text.prvTraceSetQueueNumberHigh16
                0x0000000000001cd6       0x1a Output/blinky_FreeRTOS_pca10040 Release/Obj/trcKernelPort.o
                0x0000000000001cd6                prvTraceSetQueueNumberHigh16
 .text.vTraceEnable
                0x0000000000001cf0       0xe8 Output/blinky_FreeRTOS_pca10040 Release/Obj/trcKernelPort.o
                0x0000000000001cf0                vTraceEnable
 .text.prvTraceGetCurrentTaskHandle
                0x0000000000001dd8        0x4 Output/blinky_FreeRTOS_pca10040 Release/Obj/trcKernelPort.o
                0x0000000000001dd8                prvTraceGetCurrentTaskHandle
 .text.prvIsNewTCB
                0x0000000000001ddc       0x14 Output/blinky_FreeRTOS_pca10040 Release/Obj/trcKernelPort.o
                0x0000000000001ddc                prvIsNewTCB
 .text.xTraceGetLastError
                0x0000000000001df0       0x98 Output/blinky_FreeRTOS_pca10040 Release/Obj/trcStreamingRecorder.o
                0x0000000000001df0                xTraceGetLastError
 .text.prvTraceSaveSymbol
                0x0000000000001e88       0x94 Output/blinky_FreeRTOS_pca10040 Release/Obj/trcStreamingRecorder.o
                0x0000000000001e88                prvTraceSaveSymbol
 .text.prvTraceSaveObjectData
                0x0000000000001f1c       0x70 Output/blinky_FreeRTOS_pca10040 Release/Obj/trcStreamingRecorder.o
                0x0000000000001f1c                prvTraceSaveObjectData
 .text.prvIsValidCommand
                0x0000000000001f8c       0x38 Output/blinky_FreeRTOS_pca10040 Release/Obj/trcStreamingRecorder.o
                0x0000000000001f8c                prvIsValidCommand
 .text.prvTraceWarning
                0x0000000000001fc4       0x14 Output/blinky_FreeRTOS_pca10040 Release/Obj/trcStreamingRecorder.o
                0x0000000000001fc4                prvTraceWarning
 .text.prvTraceStoreSimpleStringEventHelper
                0x0000000000001fd8       0xb4 Output/blinky_FreeRTOS_pca10040 Release/Obj/trcStreamingRecorder.o
                0x0000000000001fd8                prvTraceStoreSimpleStringEventHelper
 .text.prvTraceStoreWarnings
                0x000000000000208c       0x28 Output/blinky_FreeRTOS_pca10040 Release/Obj/trcStreamingRecorder.o
 .text.prvTraceError
                0x00000000000020b4       0x30 Output/blinky_FreeRTOS_pca10040 Release/Obj/trcStreamingRecorder.o
                0x00000000000020b4                prvTraceError
 .text.prvTraceStoreStringEventHelper
                0x00000000000020e4      0x104 Output/blinky_FreeRTOS_pca10040 Release/Obj/trcStreamingRecorder.o
 .text.vTracePrintF
                0x00000000000021e8       0x52 Output/blinky_FreeRTOS_pca10040 Release/Obj/trcStreamingRecorder.o
                0x00000000000021e8                vTracePrintF
 .text.prvTraceStoreStringEvent
                0x000000000000223a       0x32 Output/blinky_FreeRTOS_pca10040 Release/Obj/trcStreamingRecorder.o
                0x000000000000223a                prvTraceStoreStringEvent
 .text.xTraceRegisterString
                0x000000000000226c       0x1a Output/blinky_FreeRTOS_pca10040 Release/Obj/trcStreamingRecorder.o
                0x000000000000226c                xTraceRegisterString
 *fill*         0x0000000000002286        0x2 
 .text.prvTraceStoreEvent0
                0x0000000000002288       0x5c Output/blinky_FreeRTOS_pca10040 Release/Obj/trcStreamingRecorder.o
                0x0000000000002288                prvTraceStoreEvent0
 .text.prvTraceStoreEvent1
                0x00000000000022e4       0x64 Output/blinky_FreeRTOS_pca10040 Release/Obj/trcStreamingRecorder.o
                0x00000000000022e4                prvTraceStoreEvent1
 .text.prvTraceStoreEvent2
                0x0000000000002348       0x68 Output/blinky_FreeRTOS_pca10040 Release/Obj/trcStreamingRecorder.o
                0x0000000000002348                prvTraceStoreEvent2
 .text.prvTraceStoreEvent3
                0x00000000000023b0       0x68 Output/blinky_FreeRTOS_pca10040 Release/Obj/trcStreamingRecorder.o
                0x00000000000023b0                prvTraceStoreEvent3
 .text.prvTraceStoreEvent
                0x0000000000002418       0x88 Output/blinky_FreeRTOS_pca10040 Release/Obj/trcStreamingRecorder.o
                0x0000000000002418                prvTraceStoreEvent
 .text.prvSetRecorderEnabled
                0x00000000000024a0      0x180 Output/blinky_FreeRTOS_pca10040 Release/Obj/trcStreamingRecorder.o
 .text.prvProcessCommand
                0x0000000000002620        0xe Output/blinky_FreeRTOS_pca10040 Release/Obj/trcStreamingRecorder.o
                0x0000000000002620                prvProcessCommand
 *fill*         0x000000000000262e        0x2 
 .text.prvTraceInitCortexM
                0x0000000000002630       0x4c Output/blinky_FreeRTOS_pca10040 Release/Obj/trcStreamingRecorder.o
                0x0000000000002630                prvTraceInitCortexM
 .text._GetAvailWriteSpace
                0x000000000000267c       0x1c Output/blinky_FreeRTOS_pca10040 Release/Obj/SEGGER_RTT.o
 .text._WriteNoCheck
                0x0000000000002698       0x3c Output/blinky_FreeRTOS_pca10040 Release/Obj/SEGGER_RTT.o
 .text._WriteBlocking
                0x00000000000026d4       0x52 Output/blinky_FreeRTOS_pca10040 Release/Obj/SEGGER_RTT.o
 *fill*         0x0000000000002726        0x2 
 .text._DoInit  0x0000000000002728       0x5c Output/blinky_FreeRTOS_pca10040 Release/Obj/SEGGER_RTT.o
 .text.SEGGER_RTT_ReadNoLock
                0x0000000000002784       0x88 Output/blinky_FreeRTOS_pca10040 Release/Obj/SEGGER_RTT.o
                0x0000000000002784                SEGGER_RTT_ReadNoLock
 .text.SEGGER_RTT_Read
                0x000000000000280c       0x1c Output/blinky_FreeRTOS_pca10040 Release/Obj/SEGGER_RTT.o
                0x000000000000280c                SEGGER_RTT_Read
 .text.SEGGER_RTT_WriteNoLock
                0x0000000000002828       0x68 Output/blinky_FreeRTOS_pca10040 Release/Obj/SEGGER_RTT.o
                0x0000000000002828                SEGGER_RTT_WriteNoLock
 .text.SEGGER_RTT_Write
                0x0000000000002890       0x34 Output/blinky_FreeRTOS_pca10040 Release/Obj/SEGGER_RTT.o
                0x0000000000002890                SEGGER_RTT_Write
 .text.SEGGER_RTT_ConfigUpBuffer
                0x00000000000028c4       0x68 Output/blinky_FreeRTOS_pca10040 Release/Obj/SEGGER_RTT.o
                0x00000000000028c4                SEGGER_RTT_ConfigUpBuffer
 .text.SEGGER_RTT_ConfigDownBuffer
                0x000000000000292c       0x60 Output/blinky_FreeRTOS_pca10040 Release/Obj/SEGGER_RTT.o
                0x000000000000292c                SEGGER_RTT_ConfigDownBuffer
 .text.readFromRTT
                0x000000000000298c       0x34 Output/blinky_FreeRTOS_pca10040 Release/Obj/trcStreamingPort.o
                0x000000000000298c                readFromRTT
 .text.writeToRTT
                0x00000000000029c0       0x1e Output/blinky_FreeRTOS_pca10040 Release/Obj/trcStreamingPort.o
                0x00000000000029c0                writeToRTT
 .text.app_error_handler_bare
                0x00000000000029de       0x1a Output/blinky_FreeRTOS_pca10040 Release/Obj/app_error.o
                0x00000000000029de                app_error_handler_bare
 .text.app_error_fault_handler
                0x00000000000029f8       0x34 Output/blinky_FreeRTOS_pca10040 Release/Obj/app_error_weak.o
                0x00000000000029f8                app_error_fault_handler
 .text.app_util_disable_irq
                0x0000000000002a2c       0x10 Output/blinky_FreeRTOS_pca10040 Release/Obj/app_util_platform.o
                0x0000000000002a2c                app_util_disable_irq
 .text.app_util_enable_irq
                0x0000000000002a3c       0x14 Output/blinky_FreeRTOS_pca10040 Release/Obj/app_util_platform.o
                0x0000000000002a3c                app_util_enable_irq
 .text.app_util_critical_region_enter
                0x0000000000002a50        0x4 Output/blinky_FreeRTOS_pca10040 Release/Obj/app_util_platform.o
                0x0000000000002a50                app_util_critical_region_enter
 .text.app_util_critical_region_exit
                0x0000000000002a54        0x4 Output/blinky_FreeRTOS_pca10040 Release/Obj/app_util_platform.o
                0x0000000000002a54                app_util_critical_region_exit
 .text.clock_clk_started_notify
                0x0000000000002a58       0x28 Output/blinky_FreeRTOS_pca10040 Release/Obj/nrf_drv_clock.o
 .text.clock_irq_handler
                0x0000000000002a80       0x1c Output/blinky_FreeRTOS_pca10040 Release/Obj/nrf_drv_clock.o
 .text.nrf_drv_clock_init
                0x0000000000002a9c       0x30 Output/blinky_FreeRTOS_pca10040 Release/Obj/nrf_drv_clock.o
                0x0000000000002a9c                nrf_drv_clock_init
 .text.nrf_drv_clock_lfclk_request
                0x0000000000002acc       0x54 Output/blinky_FreeRTOS_pca10040 Release/Obj/nrf_drv_clock.o
                0x0000000000002acc                nrf_drv_clock_lfclk_request
 .text.nrf_clock_event_clear
                0x0000000000002b20       0x14 Output/blinky_FreeRTOS_pca10040 Release/Obj/nrfx_clock.o
 .text.nrfx_clock_init
                0x0000000000002b34       0x1c Output/blinky_FreeRTOS_pca10040 Release/Obj/nrfx_clock.o
                0x0000000000002b34                nrfx_clock_init
 .text.nrfx_clock_enable
                0x0000000000002b50       0x28 Output/blinky_FreeRTOS_pca10040 Release/Obj/nrfx_clock.o
                0x0000000000002b50                nrfx_clock_enable
 .text.nrfx_clock_lfclk_start
                0x0000000000002b78       0x4c Output/blinky_FreeRTOS_pca10040 Release/Obj/nrfx_clock.o
                0x0000000000002b78                nrfx_clock_lfclk_start
 .text.POWER_CLOCK_IRQHandler
                0x0000000000002bc4       0x58 Output/blinky_FreeRTOS_pca10040 Release/Obj/nrfx_clock.o
                0x0000000000002bc4                POWER_CLOCK_IRQHandler
 .text.nrf_gpiote_event_clear
                0x0000000000002c1c       0x18 Output/blinky_FreeRTOS_pca10040 Release/Obj/nrfx_gpiote.o
 .text.nrf_gpio_cfg_sense_set
                0x0000000000002c34       0x20 Output/blinky_FreeRTOS_pca10040 Release/Obj/nrfx_gpiote.o
 .text.GPIOTE_IRQHandler
                0x0000000000002c54      0x184 Output/blinky_FreeRTOS_pca10040 Release/Obj/nrfx_gpiote.o
                0x0000000000002c54                GPIOTE_IRQHandler
 .text.TLedCircle
                0x0000000000002dd8       0x24 Output/blinky_FreeRTOS_pca10040 Release/Obj/main.o
 .text.channelRegister
                0x0000000000002dfc       0x20 Output/blinky_FreeRTOS_pca10040 Release/Obj/main.o
                0x0000000000002dfc                channelRegister
 .text.TVarIncremant
                0x0000000000002e1c       0x30 Output/blinky_FreeRTOS_pca10040 Release/Obj/main.o
 .text.startup.main
                0x0000000000002e4c       0x5c Output/blinky_FreeRTOS_pca10040 Release/Obj/main.o
                0x0000000000002e4c                main
 .text.errata_57
                0x0000000000002ea8       0x34 Output/blinky_FreeRTOS_pca10040 Release/Obj/system_nrf52.o
 .text.errata_136
                0x0000000000002edc       0x40 Output/blinky_FreeRTOS_pca10040 Release/Obj/system_nrf52.o
 .text.SystemInit
                0x0000000000002f1c      0x264 Output/blinky_FreeRTOS_pca10040 Release/Obj/system_nrf52.o
                0x0000000000002f1c                SystemInit
 .text.libc.memcpy
                0x0000000000003180       0x54 /usr/share/segger_embedded_studio_for_arm_3.34b/lib/libc_v7em_fpv4_sp_d16_hard_t_le_eabi.a(libc2_asm.o)
                0x0000000000003180                memcpy
                0x0000000000003180                __aeabi_memcpy
                0x000000000000318c                __aeabi_memcpy4
                0x000000000000318c                __aeabi_memcpy8
 .text.libc.memset
                0x00000000000031d4       0x68 /usr/share/segger_embedded_studio_for_arm_3.34b/lib/libc_v7em_fpv4_sp_d16_hard_t_le_eabi.a(libc2_asm.o)
                0x00000000000031d4                memset
 .text.libc.strcpy
                0x000000000000323c       0x44 /usr/share/segger_embedded_studio_for_arm_3.34b/lib/libc_v7em_fpv4_sp_d16_hard_t_le_eabi.a(libc2_asm.o)
                0x000000000000323c                strcpy
                0x0000000000003280                __text_end__ = (__text_start__ + SIZEOF (.text))
                0x0000000000002f8c                __text_size__ = SIZEOF (.text)
                0x0000000000003280                __text_load_end__ = __text_end__

.vfp11_veneer   0x0000000100000000        0x0
 .vfp11_veneer  0x0000000100000000        0x0 linker stubs

.v4_bx          0x0000000100000000        0x0
 .v4_bx         0x0000000100000000        0x0 linker stubs

.iplt           0x0000000100000000        0x0
 .iplt          0x0000000100000000        0x0 Output/blinky_FreeRTOS_pca10040 Release/Obj/thumb_crt0.o
                0x0000000000000001                . = ASSERT (((__text_start__ == __text_end__) || ((__text_end__ >= __FLASH_segment_start__) && (__text_end__ <= __FLASH_segment_end__))), error: .text is too large to fit in FLASH memory segment)
                0x0000000000003280                __log_const_data_load_start__ = ALIGN (__text_end__, 0x4)

.log_const_data
                0x0000000000003280        0x0
                0x0000000000003280                __log_const_data_start__ = .
                0x0000000000003280                __start_log_const_data = __log_const_data_start__
 *(SORT(.log_const_data*))
                0x0000000000003280                __log_const_data_end__ = (__log_const_data_start__ + SIZEOF (.log_const_data))
                0x0000000000000000                __log_const_data_size__ = SIZEOF (.log_const_data)
                0x0000000000003280                __stop_log_const_data = __log_const_data_end__
                0x0000000000003280                __log_const_data_load_end__ = __log_const_data_end__
                0x0000000000000001                . = ASSERT (((__log_const_data_start__ == __log_const_data_end__) || ((__log_const_data_end__ >= __FLASH_segment_start__) && (__log_const_data_end__ <= __FLASH_segment_end__))), error: .log_const_data is too large to fit in FLASH memory segment)
                0x0000000000003280                __nrf_balloc_load_start__ = ALIGN (__log_const_data_end__, 0x4)

.nrf_balloc     0x0000000000003280        0x0
                0x0000000000003280                __nrf_balloc_start__ = .
                0x0000000000003280                __start_nrf_balloc = __nrf_balloc_start__
 *(.nrf_balloc*)
                0x0000000000003280                __nrf_balloc_end__ = (__nrf_balloc_start__ + SIZEOF (.nrf_balloc))
                0x0000000000000000                __nrf_balloc_size__ = SIZEOF (.nrf_balloc)
                0x0000000000003280                __stop_nrf_balloc = __nrf_balloc_end__
                0x0000000000003280                __nrf_balloc_load_end__ = __nrf_balloc_end__
                0x0000000000000001                . = ASSERT (((__nrf_balloc_start__ == __nrf_balloc_end__) || ((__nrf_balloc_end__ >= __FLASH_segment_start__) && (__nrf_balloc_end__ <= __FLASH_segment_end__))), error: .nrf_balloc is too large to fit in FLASH memory segment)
                0x0000000000003280                __nrf_sections_load_start__ = ALIGN (__nrf_balloc_end__, 0x4)

.nrf_sections   0x0000000000003280        0x0
                0x0000000000003280                __nrf_sections_start__ = .
                0x0000000000003280                __start_nrf_sections = __nrf_sections_start__
 *(.nrf_sections .nrf_sections.*)
                0x0000000000003280                __nrf_sections_end__ = (__nrf_sections_start__ + SIZEOF (.nrf_sections))
                0x0000000000000000                __nrf_sections_size__ = SIZEOF (.nrf_sections)
                0x0000000000003280                __nrf_sections_load_end__ = __nrf_sections_end__
                0x0000000000000001                . = ASSERT (((__nrf_sections_start__ == __nrf_sections_end__) || ((__nrf_sections_end__ >= __FLASH_segment_start__) && (__nrf_sections_end__ <= __FLASH_segment_end__))), error: .nrf_sections is too large to fit in FLASH memory segment)
                0x0000000000003280                __log_dynamic_data_load_start__ = ALIGN (__nrf_sections_end__, 0x4)

.log_dynamic_data
                0x0000000020000000        0x0 load address 0x0000000000003280
                0x0000000020000000                __log_dynamic_data_start__ = .
 *(SORT(.log_dynamic_data*))
                0x0000000020000000                __log_dynamic_data_end__ = (__log_dynamic_data_start__ + SIZEOF (.log_dynamic_data))
                0x0000000000000000                __log_dynamic_data_size__ = SIZEOF (.log_dynamic_data)
                0x0000000000003280                __log_dynamic_data_load_end__ = (__log_dynamic_data_load_start__ + SIZEOF (.log_dynamic_data))
                0x0000000000000001                . = ASSERT (((__log_dynamic_data_load_start__ == __log_dynamic_data_load_end__) || ((__log_dynamic_data_load_end__ >= __FLASH_segment_start__) && (__log_dynamic_data_load_end__ <= __FLASH_segment_end__))), error: .log_dynamic_data is too large to fit in FLASH memory segment)

.log_dynamic_data_run
                0x0000000020000000        0x0
                0x0000000020000000                __log_dynamic_data_run_start__ = .
                0x0000000020000000                __start_log_dynamic_data = __log_dynamic_data_run_start__
                0x0000000020000000                . = MAX ((__log_dynamic_data_run_start__ + SIZEOF (.log_dynamic_data)), .)
                0x0000000020000000                __log_dynamic_data_run_end__ = (__log_dynamic_data_run_start__ + SIZEOF (.log_dynamic_data_run))
                0x0000000000000000                __log_dynamic_data_run_size__ = SIZEOF (.log_dynamic_data_run)
                0x0000000020000000                __stop_log_dynamic_data = __log_dynamic_data_run_end__
                0x0000000020000000                __log_dynamic_data_run_load_end__ = __log_dynamic_data_run_end__
                0x0000000000000001                . = ASSERT (((__log_dynamic_data_run_start__ == __log_dynamic_data_run_end__) || ((__log_dynamic_data_run_end__ >= __RAM_segment_start__) && (__log_dynamic_data_run_end__ <= __RAM_segment_end__))), error: .log_dynamic_data_run is too large to fit in RAM memory segment)
                0x0000000020000000                __nrf_sections_run_end_load_start__ = ALIGN (__log_dynamic_data_run_end__, 0x4)

.nrf_sections_run_end
                0x0000000020000000        0x0
                0x0000000020000000                __nrf_sections_run_end_start__ = .
                0x0000000020000000                __end_nrf_sections_run = __nrf_sections_run_end_start__
 *(.nrf_sections_run_end .nrf_sections_run_end.*)
                0x0000000020000000                __nrf_sections_run_end_end__ = (__nrf_sections_run_end_start__ + SIZEOF (.nrf_sections_run_end))
                0x0000000000000000                __nrf_sections_run_end_size__ = SIZEOF (.nrf_sections_run_end)
                0x0000000020000000                __nrf_sections_run_end_load_end__ = __nrf_sections_run_end_end__
                0x0000000000000001                . = ASSERT (((__nrf_sections_run_end_start__ == __nrf_sections_run_end_end__) || ((__nrf_sections_run_end_end__ >= __RAM_segment_start__) && (__nrf_sections_run_end_end__ <= __RAM_segment_end__))), error: .nrf_sections_run_end is too large to fit in RAM memory segment)
                0x0000000000003280                __dtors_load_start__ = ALIGN ((__log_dynamic_data_load_start__ + SIZEOF (.log_dynamic_data)), 0x4)

.dtors          0x0000000000003280        0x0
                0x0000000000003280                __dtors_start__ = .
 *(SORT(.dtors.*))
 *(.dtors)
 *(.fini_array)
 *(SORT(.fini_array.*))
                0x0000000000003280                __dtors_end__ = (__dtors_start__ + SIZEOF (.dtors))
                0x0000000000000000                __dtors_size__ = SIZEOF (.dtors)
                0x0000000000003280                __dtors_load_end__ = __dtors_end__
                0x0000000000000001                . = ASSERT (((__dtors_start__ == __dtors_end__) || ((__dtors_end__ >= __FLASH_segment_start__) && (__dtors_end__ <= __FLASH_segment_end__))), error: .dtors is too large to fit in FLASH memory segment)
                0x0000000000003280                __ctors_load_start__ = ALIGN (__dtors_end__, 0x4)

.ctors          0x0000000000003280        0x0
                0x0000000000003280                __ctors_start__ = .
 *(SORT(.ctors.*))
 *(.ctors)
 *(.init_array)
 *(SORT(.init_array.*))
                0x0000000000003280                __ctors_end__ = (__ctors_start__ + SIZEOF (.ctors))
                0x0000000000000000                __ctors_size__ = SIZEOF (.ctors)
                0x0000000000003280                __ctors_load_end__ = __ctors_end__
                0x0000000000000001                . = ASSERT (((__ctors_start__ == __ctors_end__) || ((__ctors_end__ >= __FLASH_segment_start__) && (__ctors_end__ <= __FLASH_segment_end__))), error: .ctors is too large to fit in FLASH memory segment)
                0x0000000000003280                __rodata_load_start__ = ALIGN (__ctors_end__, 0x4)

.rodata         0x0000000000003280      0x2ac
                0x0000000000003280                __rodata_start__ = .
 *(.rodata .rodata.* .gnu.linkonce.r.*)
 .rodata.m_board_led_list
                0x0000000000003280        0x4 Output/blinky_FreeRTOS_pca10040 Release/Obj/boards.o
 .rodata.vTaskStartScheduler.str1.1
                0x0000000000003284        0x5 Output/blinky_FreeRTOS_pca10040 Release/Obj/tasks.o
 .rodata.prvCheckForValidListAndQueue.str1.1
                0x0000000000003289        0x5 Output/blinky_FreeRTOS_pca10040 Release/Obj/timers.o
 .rodata.xTimerCreateTimerTask.str1.1
                0x000000000000328e        0x8 Output/blinky_FreeRTOS_pca10040 Release/Obj/timers.o
 .rodata.vTraceEnable.str1.1
                0x0000000000003296       0x25 Output/blinky_FreeRTOS_pca10040 Release/Obj/trcKernelPort.o
 .rodata.prvTraceError.str1.1
                0x00000000000032bb       0x24 Output/blinky_FreeRTOS_pca10040 Release/Obj/trcStreamingRecorder.o
 .rodata.xTraceGetLastError.str1.1
                0x00000000000032df      0x211 Output/blinky_FreeRTOS_pca10040 Release/Obj/trcStreamingRecorder.o
 .rodata._DoInit.str1.1
                0x00000000000034f0       0x14 Output/blinky_FreeRTOS_pca10040 Release/Obj/SEGGER_RTT.o
 .rodata.channelRegister.str1.1
                0x0000000000003504       0x16 Output/blinky_FreeRTOS_pca10040 Release/Obj/main.o
 .rodata.main.str1.1
                0x000000000000351a       0x12 Output/blinky_FreeRTOS_pca10040 Release/Obj/main.o
                0x000000000000352c                __rodata_end__ = (__rodata_start__ + SIZEOF (.rodata))
                0x00000000000002ac                __rodata_size__ = SIZEOF (.rodata)
                0x000000000000352c                __rodata_load_end__ = __rodata_end__

.rel.dyn        0x000000000000352c        0x0
 .rel.iplt      0x000000000000352c        0x0 Output/blinky_FreeRTOS_pca10040 Release/Obj/thumb_crt0.o
                0x0000000000000001                . = ASSERT (((__rodata_start__ == __rodata_end__) || ((__rodata_end__ >= __FLASH_segment_start__) && (__rodata_end__ <= __FLASH_segment_end__))), error: .rodata is too large to fit in FLASH memory segment)
                0x000000000000352c                __ARM.exidx_load_start__ = ALIGN (__rodata_end__, 0x4)

.ARM.exidx      0x000000000000352c        0x0
                0x000000000000352c                __ARM.exidx_start__ = .
                0x000000000000352c                __exidx_start = __ARM.exidx_start__
 *(.ARM.exidx .ARM.exidx.*)
                0x000000000000352c                __ARM.exidx_end__ = (__ARM.exidx_start__ + SIZEOF (.ARM.exidx))
                0x0000000000000000                __ARM.exidx_size__ = SIZEOF (.ARM.exidx)
                0x000000000000352c                __exidx_end = __ARM.exidx_end__
                0x000000000000352c                __ARM.exidx_load_end__ = __ARM.exidx_end__
                0x0000000000000001                . = ASSERT (((__ARM.exidx_start__ == __ARM.exidx_end__) || ((__ARM.exidx_end__ >= __FLASH_segment_start__) && (__ARM.exidx_end__ <= __FLASH_segment_end__))), error: .ARM.exidx is too large to fit in FLASH memory segment)
                0x000000000000352c                __fast_load_start__ = ALIGN (__ARM.exidx_end__, 0x4)

.fast           0x0000000020000000        0x0 load address 0x000000000000352c
                0x0000000020000000                __fast_start__ = .
 *(.fast .fast.*)
                0x0000000020000000                __fast_end__ = (__fast_start__ + SIZEOF (.fast))
                0x0000000000000000                __fast_size__ = SIZEOF (.fast)
                0x000000000000352c                __fast_load_end__ = (__fast_load_start__ + SIZEOF (.fast))
                0x0000000000000001                . = ASSERT (((__fast_load_start__ == __fast_load_end__) || ((__fast_load_end__ >= __FLASH_segment_start__) && (__fast_load_end__ <= __FLASH_segment_end__))), error: .fast is too large to fit in FLASH memory segment)

.fast_run       0x0000000020000000        0x0
                0x0000000020000000                __fast_run_start__ = .
                0x0000000020000000                . = MAX ((__fast_run_start__ + SIZEOF (.fast)), .)
                0x0000000020000000                __fast_run_end__ = (__fast_run_start__ + SIZEOF (.fast_run))
                0x0000000000000000                __fast_run_size__ = SIZEOF (.fast_run)
                0x0000000020000000                __fast_run_load_end__ = __fast_run_end__
                0x0000000000000001                . = ASSERT (((__fast_run_start__ == __fast_run_end__) || ((__fast_run_end__ >= __RAM_segment_start__) && (__fast_run_end__ <= __RAM_segment_end__))), error: .fast_run is too large to fit in RAM memory segment)
                0x000000000000352c                __data_load_start__ = ALIGN ((__fast_load_start__ + SIZEOF (.fast)), 0x4)

.data           0x0000000020000000        0xc load address 0x000000000000352c
                0x0000000020000000                __data_start__ = .
 *(.data .data.* .gnu.linkonce.d.*)
 .data.CurrentFilterGroup
                0x0000000020000000        0x2 Output/blinky_FreeRTOS_pca10040 Release/Obj/trcStreamingRecorder.o
                0x0000000020000000                CurrentFilterGroup
 .data.CurrentFilterMask
                0x0000000020000002        0x2 Output/blinky_FreeRTOS_pca10040 Release/Obj/trcStreamingRecorder.o
                0x0000000020000002                CurrentFilterMask
 .data.ISR_stack_index
                0x0000000020000004        0x1 Output/blinky_FreeRTOS_pca10040 Release/Obj/trcStreamingRecorder.o
 *fill*         0x0000000020000005        0x3 
 .data.SystemCoreClock
                0x0000000020000008        0x4 Output/blinky_FreeRTOS_pca10040 Release/Obj/system_nrf52.o
                0x0000000020000008                SystemCoreClock
                0x000000002000000c                __data_end__ = (__data_start__ + SIZEOF (.data))
                0x000000000000000c                __data_size__ = SIZEOF (.data)
                0x0000000000003538                __data_load_end__ = (__data_load_start__ + SIZEOF (.data))

.igot.plt       0x0000000100000000        0x0
 .igot.plt      0x0000000100000000        0x0 Output/blinky_FreeRTOS_pca10040 Release/Obj/thumb_crt0.o
                0x0000000000000001                . = ASSERT (((__data_load_start__ == __data_load_end__) || ((__data_load_end__ >= __FLASH_segment_start__) && (__data_load_end__ <= __FLASH_segment_end__))), error: .data is too large to fit in FLASH memory segment)

.data_run       0x0000000020000000        0xc load address 0x000000000000352c
                0x0000000020000000                __data_run_start__ = .
                0x000000002000000c                . = MAX ((__data_run_start__ + SIZEOF (.data)), .)
 *fill*         0x0000000020000000        0xc 
                0x000000002000000c                __data_run_end__ = (__data_run_start__ + SIZEOF (.data_run))
                0x000000000000000c                __data_run_size__ = SIZEOF (.data_run)
                0x000000002000000c                __data_run_load_end__ = __data_run_end__
                0x0000000000000001                . = ASSERT (((__data_run_start__ == __data_run_end__) || ((__data_run_end__ >= __RAM_segment_start__) && (__data_run_end__ <= __RAM_segment_end__))), error: .data_run is too large to fit in RAM memory segment)
                0x0000000000003538                __tdata_load_start__ = ALIGN ((__data_load_start__ + SIZEOF (.data)), 0x4)

.tdata          0x000000002000000c        0x0 load address 0x0000000000003538
                0x000000002000000c                __tdata_start__ = .
 *(.tdata .tdata.*)
                0x000000002000000c                __tdata_end__ = (__tdata_start__ + SIZEOF (.tdata))
                0x0000000000000000                __tdata_size__ = SIZEOF (.tdata)
                0x0000000000003538                __tdata_load_end__ = (__tdata_load_start__ + SIZEOF (.tdata))
                0x0000000000003538                __FLASH_segment_used_end__ = (ALIGN ((__data_load_start__ + SIZEOF (.data)), 0x4) + SIZEOF (.tdata))
                0x0000000000003538                __FLASH_segment_used_size__ = (__FLASH_segment_used_end__ - __FLASH_segment_start__)
                0x0000000000000001                . = ASSERT (((__tdata_load_start__ == __tdata_load_end__) || ((__tdata_load_end__ >= __FLASH_segment_start__) && (__tdata_load_end__ <= __FLASH_segment_end__))), error: .tdata is too large to fit in FLASH memory segment)

.tdata_run      0x000000002000000c        0x0
                0x000000002000000c                __tdata_run_start__ = .
                0x000000002000000c                . = MAX ((__tdata_run_start__ + SIZEOF (.tdata)), .)
                0x000000002000000c                __tdata_run_end__ = (__tdata_run_start__ + SIZEOF (.tdata_run))
                0x0000000000000000                __tdata_run_size__ = SIZEOF (.tdata_run)
                0x000000002000000c                __tdata_run_load_end__ = __tdata_run_end__
                0x0000000000000001                . = ASSERT (((__tdata_run_start__ == __tdata_run_end__) || ((__tdata_run_end__ >= __RAM_segment_start__) && (__tdata_run_end__ <= __RAM_segment_end__))), error: .tdata_run is too large to fit in RAM memory segment)
                0x000000002000000c                __bss_load_start__ = ALIGN (__tdata_run_end__, 0x4)

.bss            0x000000002000000c     0x5ce4
                0x000000002000000c                __bss_start__ = .
 *(.bss .bss.* .gnu.linkonce.b.*)
 .bss.pucAlignedHeap.8037
                0x000000002000000c        0x4 Output/blinky_FreeRTOS_pca10040 Release/Obj/heap_1.o
 .bss.ucHeap    0x0000000020000010     0x4000 Output/blinky_FreeRTOS_pca10040 Release/Obj/heap_1.o
 .bss.xNextFreeByte
                0x0000000020004010        0x4 Output/blinky_FreeRTOS_pca10040 Release/Obj/heap_1.o
 .bss.uxCriticalNesting
                0x0000000020004014        0x4 Output/blinky_FreeRTOS_pca10040 Release/Obj/port_cmsis.o
 .bss.xQueueRegistry
                0x0000000020004018       0x10 Output/blinky_FreeRTOS_pca10040 Release/Obj/queue.o
                0x0000000020004018                xQueueRegistry
 .bss.pxCurrentTCB
                0x0000000020004028        0x4 Output/blinky_FreeRTOS_pca10040 Release/Obj/tasks.o
                0x0000000020004028                pxCurrentTCB
 .bss.pxDelayedTaskList
                0x000000002000402c        0x4 Output/blinky_FreeRTOS_pca10040 Release/Obj/tasks.o
 .bss.pxOverflowDelayedTaskList
                0x0000000020004030        0x4 Output/blinky_FreeRTOS_pca10040 Release/Obj/tasks.o
 .bss.pxReadyTasksLists
                0x0000000020004034       0x3c Output/blinky_FreeRTOS_pca10040 Release/Obj/tasks.o
 .bss.uxCurrentNumberOfTasks
                0x0000000020004070        0x4 Output/blinky_FreeRTOS_pca10040 Release/Obj/tasks.o
 .bss.uxDeletedTasksWaitingCleanUp
                0x0000000020004074        0x4 Output/blinky_FreeRTOS_pca10040 Release/Obj/tasks.o
 .bss.uxPendedTicks
                0x0000000020004078        0x4 Output/blinky_FreeRTOS_pca10040 Release/Obj/tasks.o
 .bss.uxSchedulerSuspended
                0x000000002000407c        0x4 Output/blinky_FreeRTOS_pca10040 Release/Obj/tasks.o
 .bss.uxTaskNumber
                0x0000000020004080        0x4 Output/blinky_FreeRTOS_pca10040 Release/Obj/tasks.o
 .bss.uxTopReadyPriority
                0x0000000020004084        0x4 Output/blinky_FreeRTOS_pca10040 Release/Obj/tasks.o
 .bss.xDelayedTaskList1
                0x0000000020004088       0x14 Output/blinky_FreeRTOS_pca10040 Release/Obj/tasks.o
 .bss.xDelayedTaskList2
                0x000000002000409c       0x14 Output/blinky_FreeRTOS_pca10040 Release/Obj/tasks.o
 .bss.xIdleTaskHandle
                0x00000000200040b0        0x4 Output/blinky_FreeRTOS_pca10040 Release/Obj/tasks.o
 .bss.xNextTaskUnblockTime
                0x00000000200040b4        0x4 Output/blinky_FreeRTOS_pca10040 Release/Obj/tasks.o
 .bss.xNumOfOverflows
                0x00000000200040b8        0x4 Output/blinky_FreeRTOS_pca10040 Release/Obj/tasks.o
 .bss.xPendingReadyList
                0x00000000200040bc       0x14 Output/blinky_FreeRTOS_pca10040 Release/Obj/tasks.o
 .bss.xSchedulerRunning
                0x00000000200040d0        0x4 Output/blinky_FreeRTOS_pca10040 Release/Obj/tasks.o
 .bss.xSuspendedTaskList
                0x00000000200040d4       0x14 Output/blinky_FreeRTOS_pca10040 Release/Obj/tasks.o
 .bss.xTasksWaitingTermination
                0x00000000200040e8       0x14 Output/blinky_FreeRTOS_pca10040 Release/Obj/tasks.o
 .bss.xTickCount
                0x00000000200040fc        0x4 Output/blinky_FreeRTOS_pca10040 Release/Obj/tasks.o
 .bss.xYieldPending
                0x0000000020004100        0x4 Output/blinky_FreeRTOS_pca10040 Release/Obj/tasks.o
 .bss.pxCurrentTimerList
                0x0000000020004104        0x4 Output/blinky_FreeRTOS_pca10040 Release/Obj/timers.o
 .bss.pxOverflowTimerList
                0x0000000020004108        0x4 Output/blinky_FreeRTOS_pca10040 Release/Obj/timers.o
 .bss.xActiveTimerList1
                0x000000002000410c       0x14 Output/blinky_FreeRTOS_pca10040 Release/Obj/timers.o
 .bss.xActiveTimerList2
                0x0000000020004120       0x14 Output/blinky_FreeRTOS_pca10040 Release/Obj/timers.o
 .bss.xLastTime.8335
                0x0000000020004134        0x4 Output/blinky_FreeRTOS_pca10040 Release/Obj/timers.o
 .bss.xTimerQueue
                0x0000000020004138        0x4 Output/blinky_FreeRTOS_pca10040 Release/Obj/timers.o
 .bss.xTimerTaskHandle
                0x000000002000413c        0x4 Output/blinky_FreeRTOS_pca10040 Release/Obj/timers.o
 .bss.HandleTzCtrl
                0x0000000020004140        0x4 Output/blinky_FreeRTOS_pca10040 Release/Obj/trcKernelPort.o
 .bss.LongestSymbolName_last
                0x0000000020004144        0x4 Output/blinky_FreeRTOS_pca10040 Release/Obj/trcKernelPort.o
 .bss.MaxBytesTruncated_last
                0x0000000020004148        0x4 Output/blinky_FreeRTOS_pca10040 Release/Obj/trcKernelPort.o
 .bss.NoRoomForObjectData_last
                0x000000002000414c        0x4 Output/blinky_FreeRTOS_pca10040 Release/Obj/trcKernelPort.o
 .bss.NoRoomForSymbol_last
                0x0000000020004150        0x4 Output/blinky_FreeRTOS_pca10040 Release/Obj/trcKernelPort.o
 .bss._TzCtrlData
                0x0000000020004154       0x20 Output/blinky_FreeRTOS_pca10040 Release/Obj/trcKernelPort.o
 .bss._TzTraceData
                0x0000000020004174     0x1388 Output/blinky_FreeRTOS_pca10040 Release/Obj/trcKernelPort.o
                0x0000000020004174                _TzTraceData
 .bss.pCurrentTCB
                0x00000000200054fc        0x4 Output/blinky_FreeRTOS_pca10040 Release/Obj/trcKernelPort.o
 .bss.trcWarningChannel
                0x0000000020005500        0x4 Output/blinky_FreeRTOS_pca10040 Release/Obj/trcKernelPort.o
                0x0000000020005500                trcWarningChannel
 .bss.LongestSymbolName
                0x0000000020005504        0x4 Output/blinky_FreeRTOS_pca10040 Release/Obj/trcStreamingRecorder.o
                0x0000000020005504                LongestSymbolName
 .bss.MaxBytesTruncated
                0x0000000020005508        0x4 Output/blinky_FreeRTOS_pca10040 Release/Obj/trcStreamingRecorder.o
                0x0000000020005508                MaxBytesTruncated
 .bss.NoRoomForObjectData
                0x000000002000550c        0x4 Output/blinky_FreeRTOS_pca10040 Release/Obj/trcStreamingRecorder.o
                0x000000002000550c                NoRoomForObjectData
 .bss.NoRoomForSymbol
                0x0000000020005510        0x4 Output/blinky_FreeRTOS_pca10040 Release/Obj/trcStreamingRecorder.o
                0x0000000020005510                NoRoomForSymbol
 .bss.RecorderEnabled
                0x0000000020005514        0x4 Output/blinky_FreeRTOS_pca10040 Release/Obj/trcStreamingRecorder.o
                0x0000000020005514                RecorderEnabled
 .bss.SessionCounter
                0x0000000020005518        0x4 Output/blinky_FreeRTOS_pca10040 Release/Obj/trcStreamingRecorder.o
 .bss.errorCode
                0x000000002000551c        0x4 Output/blinky_FreeRTOS_pca10040 Release/Obj/trcStreamingRecorder.o
 .bss.eventCounter
                0x0000000020005520        0x4 Output/blinky_FreeRTOS_pca10040 Release/Obj/trcStreamingRecorder.o
 .bss.firstFreeObjectDataTableIndex
                0x0000000020005524        0x4 Output/blinky_FreeRTOS_pca10040 Release/Obj/trcStreamingRecorder.o
 .bss.firstFreeSymbolTableIndex
                0x0000000020005528        0x4 Output/blinky_FreeRTOS_pca10040 Release/Obj/trcStreamingRecorder.o
 .bss.objectDataTable
                0x000000002000552c      0x140 Output/blinky_FreeRTOS_pca10040 Release/Obj/trcStreamingRecorder.o
 .bss.symbolTable
                0x000000002000566c      0x500 Output/blinky_FreeRTOS_pca10040 Release/Obj/trcStreamingRecorder.o
 .bss.timestampFrequency
                0x0000000020005b6c        0x4 Output/blinky_FreeRTOS_pca10040 Release/Obj/trcStreamingRecorder.o
                0x0000000020005b6c                timestampFrequency
 .bss.uiTraceTickCount
                0x0000000020005b70        0x4 Output/blinky_FreeRTOS_pca10040 Release/Obj/trcStreamingRecorder.o
                0x0000000020005b70                uiTraceTickCount
 .bss._SEGGER_RTT
                0x0000000020005b74       0xa8 Output/blinky_FreeRTOS_pca10040 Release/Obj/SEGGER_RTT.o
                0x0000000020005b74                _SEGGER_RTT
 .bss._acDownBuffer
                0x0000000020005c1c       0x10 Output/blinky_FreeRTOS_pca10040 Release/Obj/SEGGER_RTT.o
 .bss._acUpBuffer
                0x0000000020005c2c       0x40 Output/blinky_FreeRTOS_pca10040 Release/Obj/SEGGER_RTT.o
 .bss.m_in_critical_region
                0x0000000020005c6c        0x4 Output/blinky_FreeRTOS_pca10040 Release/Obj/app_util_platform.o
 .bss.m_clock_cb
                0x0000000020005c70       0x14 Output/blinky_FreeRTOS_pca10040 Release/Obj/nrf_drv_clock.o
 .bss.m_clock_cb
                0x0000000020005c84        0x8 Output/blinky_FreeRTOS_pca10040 Release/Obj/nrfx_clock.o
 .bss.m_cb      0x0000000020005c8c       0x5c Output/blinky_FreeRTOS_pca10040 Release/Obj/nrfx_gpiote.o
 .bss.pointToVar
                0x0000000020005ce8        0x4 Output/blinky_FreeRTOS_pca10040 Release/Obj/main.o
                0x0000000020005ce8                pointToVar
 .bss.var_increment_handle
                0x0000000020005cec        0x4 Output/blinky_FreeRTOS_pca10040 Release/Obj/main.o
                0x0000000020005cec                var_increment_handle
 *(COMMON)
                0x0000000020005cf0                __bss_end__ = (__bss_start__ + SIZEOF (.bss))
                0x0000000000005ce4                __bss_size__ = SIZEOF (.bss)
                0x0000000020005cf0                __bss_load_end__ = __bss_end__
                0x0000000000000001                . = ASSERT (((__bss_start__ == __bss_end__) || ((__bss_end__ >= __RAM_segment_start__) && (__bss_end__ <= __RAM_segment_end__))), error: .bss is too large to fit in RAM memory segment)
                0x0000000020005cf0                __tbss_load_start__ = ALIGN (__bss_end__, 0x4)

.tbss           0x0000000020005cf0        0x0
                0x0000000020005cf0                __tbss_start__ = .
 *(.tbss .tbss.*)
                0x0000000020005cf0                __tbss_end__ = (__tbss_start__ + SIZEOF (.tbss))
                0x0000000000000000                __tbss_size__ = SIZEOF (.tbss)
                0x0000000020005cf0                __tbss_load_end__ = __tbss_end__
                0x0000000000000001                . = ASSERT (((__tbss_start__ == __tbss_end__) || ((__tbss_end__ >= __RAM_segment_start__) && (__tbss_end__ <= __RAM_segment_end__))), error: .tbss is too large to fit in RAM memory segment)
                0x0000000020005cf0                __non_init_load_start__ = ALIGN (__tbss_end__, 0x4)

.non_init       0x0000000020005cf0        0x0
                0x0000000020005cf0                __non_init_start__ = .
 *(.non_init .non_init.*)
                0x0000000020005cf0                __non_init_end__ = (__non_init_start__ + SIZEOF (.non_init))
                0x0000000000000000                __non_init_size__ = SIZEOF (.non_init)
                0x0000000020005cf0                __non_init_load_end__ = __non_init_end__
                0x0000000000000001                . = ASSERT (((__non_init_start__ == __non_init_end__) || ((__non_init_end__ >= __RAM_segment_start__) && (__non_init_end__ <= __RAM_segment_end__))), error: .non_init is too large to fit in RAM memory segment)
                0x0000000020005cf0                __heap_load_start__ = ALIGN (__non_init_end__, 0x4)

.heap           0x0000000020005cf0     0x2000
                0x0000000020005cf0                __heap_start__ = .
 *(.heap .heap.*)
                0x0000000020007cf0                . = ALIGN (MAX ((__heap_start__ + __HEAPSIZE__), .), 0x4)
 *fill*         0x0000000020005cf0     0x2000 
                0x0000000020007cf0                __heap_end__ = (__heap_start__ + SIZEOF (.heap))
                0x0000000000002000                __heap_size__ = SIZEOF (.heap)
                0x0000000020007cf0                __heap_load_end__ = __heap_end__
                0x0000000000000001                . = ASSERT (((__heap_start__ == __heap_end__) || ((__heap_end__ >= __RAM_segment_start__) && (__heap_end__ <= __RAM_segment_end__))), error: .heap is too large to fit in RAM memory segment)
                0x000000002000e000                __stack_load_start__ = (__RAM_segment_end__ - 0x2000)

.stack          0x000000002000e000     0x2000
                0x000000002000e000                __stack_start__ = .
                0x000000002000e000                __StackLimit = __stack_start__
 *(.stack .stack.*)
                0x0000000020010000                . = ALIGN (MAX ((__stack_start__ + __STACKSIZE__), .), 0x8)
 *fill*         0x000000002000e000     0x2000 
                0x0000000020010000                __stack_end__ = (__stack_start__ + SIZEOF (.stack))
                0x0000000000002000                __stack_size__ = SIZEOF (.stack)
                0x0000000020010000                __StackTop = __stack_end__
                0x0000000020010000                __stack_load_end__ = __stack_end__
                0x0000000000000001                . = ASSERT (((__stack_start__ == __stack_end__) || ((__stack_end__ >= __RAM_segment_start__) && (__stack_end__ <= __RAM_segment_end__))), error: .stack is too large to fit in RAM memory segment)
                0x0000000000000001                . = ASSERT ((__heap_end__ <= __stack_start__), error: section .heap overlaps absolute placed section .stack)
                0x0000000020010000                __stack_process_load_start__ = ALIGN (__stack_end__, 0x8)

.stack_process  0x0000000020010000        0x0
                0x0000000020010000                __stack_process_start__ = .
 *(.stack_process .stack_process.*)
                0x0000000020010000                . = ALIGN (MAX ((__stack_process_start__ + __STACKSIZE_PROCESS__), .), 0x8)
                0x0000000020010000                __stack_process_end__ = (__stack_process_start__ + SIZEOF (.stack_process))
                0x0000000000000000                __stack_process_size__ = SIZEOF (.stack_process)
                0x0000000020010000                __stack_process_load_end__ = __stack_process_end__
                0x0000000020010000                __RAM_segment_used_end__ = (ALIGN (__stack_end__, 0x8) + SIZEOF (.stack_process))
                0x0000000000010000                __RAM_segment_used_size__ = (__RAM_segment_used_end__ - __RAM_segment_start__)
                0x0000000000000001                . = ASSERT (((__stack_process_start__ == __stack_process_end__) || ((__stack_process_end__ >= __RAM_segment_start__) && (__stack_process_end__ <= __RAM_segment_end__))), error: .stack_process is too large to fit in RAM memory segment)
START GROUP
LOAD Output/blinky_FreeRTOS_pca10040 Release/Obj/thumb_crt0.o
LOAD Output/blinky_FreeRTOS_pca10040 Release/Obj/boards.o
LOAD Output/blinky_FreeRTOS_pca10040 Release/Obj/croutine.o
LOAD Output/blinky_FreeRTOS_pca10040 Release/Obj/event_groups.o
LOAD Output/blinky_FreeRTOS_pca10040 Release/Obj/heap_1.o
LOAD Output/blinky_FreeRTOS_pca10040 Release/Obj/list.o
LOAD Output/blinky_FreeRTOS_pca10040 Release/Obj/port.o
LOAD Output/blinky_FreeRTOS_pca10040 Release/Obj/port_cmsis.o
LOAD Output/blinky_FreeRTOS_pca10040 Release/Obj/port_cmsis_systick.o
LOAD Output/blinky_FreeRTOS_pca10040 Release/Obj/queue.o
LOAD Output/blinky_FreeRTOS_pca10040 Release/Obj/stream_buffer.o
LOAD Output/blinky_FreeRTOS_pca10040 Release/Obj/tasks.o
LOAD Output/blinky_FreeRTOS_pca10040 Release/Obj/timers.o
LOAD Output/blinky_FreeRTOS_pca10040 Release/Obj/trcKernelPort.o
LOAD Output/blinky_FreeRTOS_pca10040 Release/Obj/trcSnapshotRecorder.o
LOAD Output/blinky_FreeRTOS_pca10040 Release/Obj/trcStreamingRecorder.o
LOAD Output/blinky_FreeRTOS_pca10040 Release/Obj/SEGGER_RTT.o
LOAD Output/blinky_FreeRTOS_pca10040 Release/Obj/trcStreamingPort.o
LOAD Output/blinky_FreeRTOS_pca10040 Release/Obj/app_button.o
LOAD Output/blinky_FreeRTOS_pca10040 Release/Obj/app_error.o
LOAD Output/blinky_FreeRTOS_pca10040 Release/Obj/app_error_handler_gcc.o
LOAD Output/blinky_FreeRTOS_pca10040 Release/Obj/app_error_weak.o
LOAD Output/blinky_FreeRTOS_pca10040 Release/Obj/app_timer_freertos.o
LOAD Output/blinky_FreeRTOS_pca10040 Release/Obj/app_util_platform.o
LOAD Output/blinky_FreeRTOS_pca10040 Release/Obj/nrf_assert.o
LOAD Output/blinky_FreeRTOS_pca10040 Release/Obj/nrf_strerror.o
LOAD Output/blinky_FreeRTOS_pca10040 Release/Obj/nrf_drv_clock.o
LOAD Output/blinky_FreeRTOS_pca10040 Release/Obj/nrf_nvic.o
LOAD Output/blinky_FreeRTOS_pca10040 Release/Obj/nrf_soc.o
LOAD Output/blinky_FreeRTOS_pca10040 Release/Obj/nrfx_clock.o
LOAD Output/blinky_FreeRTOS_pca10040 Release/Obj/nrfx_gpiote.o
LOAD Output/blinky_FreeRTOS_pca10040 Release/Obj/nrfx_power_clock.o
LOAD Output/blinky_FreeRTOS_pca10040 Release/Obj/bsp.o
LOAD Output/blinky_FreeRTOS_pca10040 Release/Obj/main.o
LOAD Output/blinky_FreeRTOS_pca10040 Release/Obj/ses_nRF_Startup.o
LOAD Output/blinky_FreeRTOS_pca10040 Release/Obj/ses_nrf52_Vectors.o
LOAD Output/blinky_FreeRTOS_pca10040 Release/Obj/system_nrf52.o
LOAD /usr/share/segger_embedded_studio_for_arm_3.34b/lib/libdebugio_mempoll_v7em_fpv4_sp_d16_hard_t_le_eabi.a
LOAD /usr/share/segger_embedded_studio_for_arm_3.34b/lib/libm_v7em_fpv4_sp_d16_hard_t_le_eabi.a
LOAD /usr/share/segger_embedded_studio_for_arm_3.34b/lib/libc_v7em_fpv4_sp_d16_hard_t_le_eabi.a
LOAD /usr/share/segger_embedded_studio_for_arm_3.34b/lib/libcpp_v7em_fpv4_sp_d16_hard_t_le_eabi.a
LOAD /usr/share/segger_embedded_studio_for_arm_3.34b/lib/libdebugio_v7em_fpv4_sp_d16_hard_t_le_eabi.a
LOAD /usr/share/segger_embedded_studio_for_arm_3.34b/lib/libvfprintf_v7em_fpv4_sp_d16_hard_t_le_eabi.o
LOAD /usr/share/segger_embedded_studio_for_arm_3.34b/lib/libvfscanf_v7em_fpv4_sp_d16_hard_t_le_eabi.o
END GROUP
OUTPUT(Output/Release/Exe/blinky_FreeRTOS_pca10040.elf elf32-littlearm)

.ARM.attributes
                0x0000000000000000       0x35
 .ARM.attributes
                0x0000000000000000       0x25 Output/blinky_FreeRTOS_pca10040 Release/Obj/thumb_crt0.o
 .ARM.attributes
                0x0000000000000025       0x39 Output/blinky_FreeRTOS_pca10040 Release/Obj/boards.o
 .ARM.attributes
                0x000000000000005e       0x39 Output/blinky_FreeRTOS_pca10040 Release/Obj/heap_1.o
 .ARM.attributes
                0x0000000000000097       0x39 Output/blinky_FreeRTOS_pca10040 Release/Obj/list.o
 .ARM.attributes
                0x00000000000000d0       0x39 Output/blinky_FreeRTOS_pca10040 Release/Obj/port.o
 .ARM.attributes
                0x0000000000000109       0x39 Output/blinky_FreeRTOS_pca10040 Release/Obj/port_cmsis.o
 .ARM.attributes
                0x0000000000000142       0x39 Output/blinky_FreeRTOS_pca10040 Release/Obj/port_cmsis_systick.o
 .ARM.attributes
                0x000000000000017b       0x39 Output/blinky_FreeRTOS_pca10040 Release/Obj/queue.o
 .ARM.attributes
                0x00000000000001b4       0x39 Output/blinky_FreeRTOS_pca10040 Release/Obj/tasks.o
 .ARM.attributes
                0x00000000000001ed       0x39 Output/blinky_FreeRTOS_pca10040 Release/Obj/timers.o
 .ARM.attributes
                0x0000000000000226       0x39 Output/blinky_FreeRTOS_pca10040 Release/Obj/trcKernelPort.o
 .ARM.attributes
                0x000000000000025f       0x39 Output/blinky_FreeRTOS_pca10040 Release/Obj/trcStreamingRecorder.o
 .ARM.attributes
                0x0000000000000298       0x39 Output/blinky_FreeRTOS_pca10040 Release/Obj/SEGGER_RTT.o
 .ARM.attributes
                0x00000000000002d1       0x39 Output/blinky_FreeRTOS_pca10040 Release/Obj/trcStreamingPort.o
 .ARM.attributes
                0x000000000000030a       0x39 Output/blinky_FreeRTOS_pca10040 Release/Obj/app_error.o
 .ARM.attributes
                0x0000000000000343       0x39 Output/blinky_FreeRTOS_pca10040 Release/Obj/app_error_weak.o
 .ARM.attributes
                0x000000000000037c       0x39 Output/blinky_FreeRTOS_pca10040 Release/Obj/app_util_platform.o
 .ARM.attributes
                0x00000000000003b5       0x39 Output/blinky_FreeRTOS_pca10040 Release/Obj/nrf_drv_clock.o
 .ARM.attributes
                0x00000000000003ee       0x39 Output/blinky_FreeRTOS_pca10040 Release/Obj/nrfx_clock.o
 .ARM.attributes
                0x0000000000000427       0x39 Output/blinky_FreeRTOS_pca10040 Release/Obj/nrfx_gpiote.o
 .ARM.attributes
                0x0000000000000460       0x39 Output/blinky_FreeRTOS_pca10040 Release/Obj/main.o
 .ARM.attributes
                0x0000000000000499       0x25 Output/blinky_FreeRTOS_pca10040 Release/Obj/ses_nRF_Startup.o
 .ARM.attributes
                0x00000000000004be       0x25 Output/blinky_FreeRTOS_pca10040 Release/Obj/ses_nrf52_Vectors.o
 .ARM.attributes
                0x00000000000004e3       0x39 Output/blinky_FreeRTOS_pca10040 Release/Obj/system_nrf52.o
 .ARM.attributes
                0x000000000000051c       0x20 /usr/share/segger_embedded_studio_for_arm_3.34b/lib/libc_v7em_fpv4_sp_d16_hard_t_le_eabi.a(libc2_asm.o)

.comment        0x0000000000000000       0x4c
 .comment       0x0000000000000000       0x4c Output/blinky_FreeRTOS_pca10040 Release/Obj/boards.o
                                         0x4d (size before relaxing)
 .comment       0x000000000000004c       0x4d Output/blinky_FreeRTOS_pca10040 Release/Obj/heap_1.o
 .comment       0x000000000000004c       0x4d Output/blinky_FreeRTOS_pca10040 Release/Obj/list.o
 .comment       0x000000000000004c       0x4d Output/blinky_FreeRTOS_pca10040 Release/Obj/port.o
 .comment       0x000000000000004c       0x4d Output/blinky_FreeRTOS_pca10040 Release/Obj/port_cmsis.o
 .comment       0x000000000000004c       0x4d Output/blinky_FreeRTOS_pca10040 Release/Obj/port_cmsis_systick.o
 .comment       0x000000000000004c       0x4d Output/blinky_FreeRTOS_pca10040 Release/Obj/queue.o
 .comment       0x000000000000004c       0x4d Output/blinky_FreeRTOS_pca10040 Release/Obj/tasks.o
 .comment       0x000000000000004c       0x4d Output/blinky_FreeRTOS_pca10040 Release/Obj/timers.o
 .comment       0x000000000000004c       0x4d Output/blinky_FreeRTOS_pca10040 Release/Obj/trcKernelPort.o
 .comment       0x000000000000004c       0x4d Output/blinky_FreeRTOS_pca10040 Release/Obj/trcStreamingRecorder.o
 .comment       0x000000000000004c       0x4d Output/blinky_FreeRTOS_pca10040 Release/Obj/SEGGER_RTT.o
 .comment       0x000000000000004c       0x4d Output/blinky_FreeRTOS_pca10040 Release/Obj/trcStreamingPort.o
 .comment       0x000000000000004c       0x4d Output/blinky_FreeRTOS_pca10040 Release/Obj/app_error.o
 .comment       0x000000000000004c       0x4d Output/blinky_FreeRTOS_pca10040 Release/Obj/app_error_weak.o
 .comment       0x000000000000004c       0x4d Output/blinky_FreeRTOS_pca10040 Release/Obj/app_util_platform.o
 .comment       0x000000000000004c       0x4d Output/blinky_FreeRTOS_pca10040 Release/Obj/nrf_drv_clock.o
 .comment       0x000000000000004c       0x4d Output/blinky_FreeRTOS_pca10040 Release/Obj/nrfx_clock.o
 .comment       0x000000000000004c       0x4d Output/blinky_FreeRTOS_pca10040 Release/Obj/nrfx_gpiote.o
 .comment       0x000000000000004c       0x4d Output/blinky_FreeRTOS_pca10040 Release/Obj/main.o
 .comment       0x000000000000004c       0x4d Output/blinky_FreeRTOS_pca10040 Release/Obj/system_nrf52.o

.debug_line     0x0000000000000000     0xacce
 .debug_line    0x0000000000000000      0x2a8 Output/blinky_FreeRTOS_pca10040 Release/Obj/thumb_crt0.o
 .debug_line    0x00000000000002a8      0x662 Output/blinky_FreeRTOS_pca10040 Release/Obj/boards.o
 .debug_line    0x000000000000090a      0x62a Output/blinky_FreeRTOS_pca10040 Release/Obj/heap_1.o
 .debug_line    0x0000000000000f34      0x62f Output/blinky_FreeRTOS_pca10040 Release/Obj/list.o
 .debug_line    0x0000000000001563      0x5e4 Output/blinky_FreeRTOS_pca10040 Release/Obj/port.o
 .debug_line    0x0000000000001b47      0x661 Output/blinky_FreeRTOS_pca10040 Release/Obj/port_cmsis.o
 .debug_line    0x00000000000021a8      0xa6e Output/blinky_FreeRTOS_pca10040 Release/Obj/port_cmsis_systick.o
 .debug_line    0x0000000000002c16      0xe09 Output/blinky_FreeRTOS_pca10040 Release/Obj/queue.o
 .debug_line    0x0000000000003a1f     0x11bc Output/blinky_FreeRTOS_pca10040 Release/Obj/tasks.o
 .debug_line    0x0000000000004bdb      0x826 Output/blinky_FreeRTOS_pca10040 Release/Obj/timers.o
 .debug_line    0x0000000000005401      0x755 Output/blinky_FreeRTOS_pca10040 Release/Obj/trcKernelPort.o
 .debug_line    0x0000000000005b56      0xdfd Output/blinky_FreeRTOS_pca10040 Release/Obj/trcStreamingRecorder.o
 .debug_line    0x0000000000006953      0x592 Output/blinky_FreeRTOS_pca10040 Release/Obj/SEGGER_RTT.o
 .debug_line    0x0000000000006ee5      0x5dc Output/blinky_FreeRTOS_pca10040 Release/Obj/trcStreamingPort.o
 .debug_line    0x00000000000074c1      0x306 Output/blinky_FreeRTOS_pca10040 Release/Obj/app_error.o
 .debug_line    0x00000000000077c7      0x614 Output/blinky_FreeRTOS_pca10040 Release/Obj/app_error_weak.o
 .debug_line    0x0000000000007ddb      0x388 Output/blinky_FreeRTOS_pca10040 Release/Obj/app_util_platform.o
 .debug_line    0x0000000000008163      0x83f Output/blinky_FreeRTOS_pca10040 Release/Obj/nrf_drv_clock.o
 .debug_line    0x00000000000089a2      0x88e Output/blinky_FreeRTOS_pca10040 Release/Obj/nrfx_clock.o
 .debug_line    0x0000000000009230      0xcfa Output/blinky_FreeRTOS_pca10040 Release/Obj/nrfx_gpiote.o
 .debug_line    0x0000000000009f2a      0x93a Output/blinky_FreeRTOS_pca10040 Release/Obj/main.o
 .debug_line    0x000000000000a864       0xc7 Output/blinky_FreeRTOS_pca10040 Release/Obj/ses_nRF_Startup.o
 .debug_line    0x000000000000a92b       0xd0 Output/blinky_FreeRTOS_pca10040 Release/Obj/ses_nrf52_Vectors.o
 .debug_line    0x000000000000a9fb      0x2d3 Output/blinky_FreeRTOS_pca10040 Release/Obj/system_nrf52.o

.debug_info     0x0000000000000000    0x1bd8f
 .debug_info    0x0000000000000000       0xeb Output/blinky_FreeRTOS_pca10040 Release/Obj/thumb_crt0.o
 .debug_info    0x00000000000000eb     0x1053 Output/blinky_FreeRTOS_pca10040 Release/Obj/boards.o
 .debug_info    0x000000000000113e      0x8ea Output/blinky_FreeRTOS_pca10040 Release/Obj/heap_1.o
 .debug_info    0x0000000000001a28      0x998 Output/blinky_FreeRTOS_pca10040 Release/Obj/list.o
 .debug_info    0x00000000000023c0      0x7bc Output/blinky_FreeRTOS_pca10040 Release/Obj/port.o
 .debug_info    0x0000000000002b7c      0xf04 Output/blinky_FreeRTOS_pca10040 Release/Obj/port_cmsis.o
 .debug_info    0x0000000000003a80     0x161e Output/blinky_FreeRTOS_pca10040 Release/Obj/port_cmsis_systick.o
 .debug_info    0x000000000000509e     0x2b90 Output/blinky_FreeRTOS_pca10040 Release/Obj/queue.o
 .debug_info    0x0000000000007c2e     0x3a9f Output/blinky_FreeRTOS_pca10040 Release/Obj/tasks.o
 .debug_info    0x000000000000b6cd     0x19f6 Output/blinky_FreeRTOS_pca10040 Release/Obj/timers.o
 .debug_info    0x000000000000d0c3     0x1139 Output/blinky_FreeRTOS_pca10040 Release/Obj/trcKernelPort.o
 .debug_info    0x000000000000e1fc     0x294c Output/blinky_FreeRTOS_pca10040 Release/Obj/trcStreamingRecorder.o
 .debug_info    0x0000000000010b48     0x1679 Output/blinky_FreeRTOS_pca10040 Release/Obj/SEGGER_RTT.o
 .debug_info    0x00000000000121c1      0x88b Output/blinky_FreeRTOS_pca10040 Release/Obj/trcStreamingPort.o
 .debug_info    0x0000000000012a4c      0x7e0 Output/blinky_FreeRTOS_pca10040 Release/Obj/app_error.o
 .debug_info    0x000000000001322c      0x941 Output/blinky_FreeRTOS_pca10040 Release/Obj/app_error_weak.o
 .debug_info    0x0000000000013b6d      0xc64 Output/blinky_FreeRTOS_pca10040 Release/Obj/app_util_platform.o
 .debug_info    0x00000000000147d1     0x106c Output/blinky_FreeRTOS_pca10040 Release/Obj/nrf_drv_clock.o
 .debug_info    0x000000000001583d     0x179d Output/blinky_FreeRTOS_pca10040 Release/Obj/nrfx_clock.o
 .debug_info    0x0000000000016fda     0x3025 Output/blinky_FreeRTOS_pca10040 Release/Obj/nrfx_gpiote.o
 .debug_info    0x0000000000019fff      0xa91 Output/blinky_FreeRTOS_pca10040 Release/Obj/main.o
 .debug_info    0x000000000001aa90      0x119 Output/blinky_FreeRTOS_pca10040 Release/Obj/ses_nRF_Startup.o
 .debug_info    0x000000000001aba9      0x11b Output/blinky_FreeRTOS_pca10040 Release/Obj/ses_nrf52_Vectors.o
 .debug_info    0x000000000001acc4     0x10cb Output/blinky_FreeRTOS_pca10040 Release/Obj/system_nrf52.o

.debug_abbrev   0x0000000000000000     0x3d4f
 .debug_abbrev  0x0000000000000000       0x12 Output/blinky_FreeRTOS_pca10040 Release/Obj/thumb_crt0.o
 .debug_abbrev  0x0000000000000012      0x317 Output/blinky_FreeRTOS_pca10040 Release/Obj/boards.o
 .debug_abbrev  0x0000000000000329      0x207 Output/blinky_FreeRTOS_pca10040 Release/Obj/heap_1.o
 .debug_abbrev  0x0000000000000530      0x19e Output/blinky_FreeRTOS_pca10040 Release/Obj/list.o
 .debug_abbrev  0x00000000000006ce      0x125 Output/blinky_FreeRTOS_pca10040 Release/Obj/port.o
 .debug_abbrev  0x00000000000007f3      0x318 Output/blinky_FreeRTOS_pca10040 Release/Obj/port_cmsis.o
 .debug_abbrev  0x0000000000000b0b      0x37b Output/blinky_FreeRTOS_pca10040 Release/Obj/port_cmsis_systick.o
 .debug_abbrev  0x0000000000000e86      0x413 Output/blinky_FreeRTOS_pca10040 Release/Obj/queue.o
 .debug_abbrev  0x0000000000001299      0x44b Output/blinky_FreeRTOS_pca10040 Release/Obj/tasks.o
 .debug_abbrev  0x00000000000016e4      0x3a4 Output/blinky_FreeRTOS_pca10040 Release/Obj/timers.o
 .debug_abbrev  0x0000000000001a88      0x325 Output/blinky_FreeRTOS_pca10040 Release/Obj/trcKernelPort.o
 .debug_abbrev  0x0000000000001dad      0x480 Output/blinky_FreeRTOS_pca10040 Release/Obj/trcStreamingRecorder.o
 .debug_abbrev  0x000000000000222d      0x2d9 Output/blinky_FreeRTOS_pca10040 Release/Obj/SEGGER_RTT.o
 .debug_abbrev  0x0000000000002506      0x176 Output/blinky_FreeRTOS_pca10040 Release/Obj/trcStreamingPort.o
 .debug_abbrev  0x000000000000267c      0x1a9 Output/blinky_FreeRTOS_pca10040 Release/Obj/app_error.o
 .debug_abbrev  0x0000000000002825      0x1c4 Output/blinky_FreeRTOS_pca10040 Release/Obj/app_error_weak.o
 .debug_abbrev  0x00000000000029e9      0x271 Output/blinky_FreeRTOS_pca10040 Release/Obj/app_util_platform.o
 .debug_abbrev  0x0000000000002c5a      0x410 Output/blinky_FreeRTOS_pca10040 Release/Obj/nrf_drv_clock.o
 .debug_abbrev  0x000000000000306a      0x3fc Output/blinky_FreeRTOS_pca10040 Release/Obj/nrfx_clock.o
 .debug_abbrev  0x0000000000003466      0x4d0 Output/blinky_FreeRTOS_pca10040 Release/Obj/nrfx_gpiote.o
 .debug_abbrev  0x0000000000003936      0x1e9 Output/blinky_FreeRTOS_pca10040 Release/Obj/main.o
 .debug_abbrev  0x0000000000003b1f       0x14 Output/blinky_FreeRTOS_pca10040 Release/Obj/ses_nRF_Startup.o
 .debug_abbrev  0x0000000000003b33       0x14 Output/blinky_FreeRTOS_pca10040 Release/Obj/ses_nrf52_Vectors.o
 .debug_abbrev  0x0000000000003b47      0x208 Output/blinky_FreeRTOS_pca10040 Release/Obj/system_nrf52.o

.debug_aranges  0x0000000000000000      0xc50
 .debug_aranges
                0x0000000000000000       0xe0 Output/blinky_FreeRTOS_pca10040 Release/Obj/thumb_crt0.o
 .debug_aranges
                0x00000000000000e0       0x78 Output/blinky_FreeRTOS_pca10040 Release/Obj/boards.o
 .debug_aranges
                0x0000000000000158       0x38 Output/blinky_FreeRTOS_pca10040 Release/Obj/heap_1.o
 .debug_aranges
                0x0000000000000190       0x40 Output/blinky_FreeRTOS_pca10040 Release/Obj/list.o
 .debug_aranges
                0x00000000000001d0       0x30 Output/blinky_FreeRTOS_pca10040 Release/Obj/port.o
 .debug_aranges
                0x0000000000000200       0x48 Output/blinky_FreeRTOS_pca10040 Release/Obj/port_cmsis.o
 .debug_aranges
                0x0000000000000248       0x30 Output/blinky_FreeRTOS_pca10040 Release/Obj/port_cmsis_systick.o
 .debug_aranges
                0x0000000000000278      0x118 Output/blinky_FreeRTOS_pca10040 Release/Obj/queue.o
 .debug_aranges
                0x0000000000000390      0x1d8 Output/blinky_FreeRTOS_pca10040 Release/Obj/tasks.o
 .debug_aranges
                0x0000000000000568       0xa8 Output/blinky_FreeRTOS_pca10040 Release/Obj/timers.o
 .debug_aranges
                0x0000000000000610       0x98 Output/blinky_FreeRTOS_pca10040 Release/Obj/trcKernelPort.o
 .debug_aranges
                0x00000000000006a8      0x150 Output/blinky_FreeRTOS_pca10040 Release/Obj/trcStreamingRecorder.o
 .debug_aranges
                0x00000000000007f8       0xf0 Output/blinky_FreeRTOS_pca10040 Release/Obj/SEGGER_RTT.o
 .debug_aranges
                0x00000000000008e8       0x28 Output/blinky_FreeRTOS_pca10040 Release/Obj/trcStreamingPort.o
 .debug_aranges
                0x0000000000000910       0x28 Output/blinky_FreeRTOS_pca10040 Release/Obj/app_error.o
 .debug_aranges
                0x0000000000000938       0x20 Output/blinky_FreeRTOS_pca10040 Release/Obj/app_error_weak.o
 .debug_aranges
                0x0000000000000958       0x48 Output/blinky_FreeRTOS_pca10040 Release/Obj/app_util_platform.o
 .debug_aranges
                0x00000000000009a0       0x88 Output/blinky_FreeRTOS_pca10040 Release/Obj/nrf_drv_clock.o
 .debug_aranges
                0x0000000000000a28       0x80 Output/blinky_FreeRTOS_pca10040 Release/Obj/nrfx_clock.o
 .debug_aranges
                0x0000000000000aa8       0xf8 Output/blinky_FreeRTOS_pca10040 Release/Obj/nrfx_gpiote.o
 .debug_aranges
                0x0000000000000ba0       0x38 Output/blinky_FreeRTOS_pca10040 Release/Obj/main.o
 .debug_aranges
                0x0000000000000bd8       0x20 Output/blinky_FreeRTOS_pca10040 Release/Obj/ses_nRF_Startup.o
 .debug_aranges
                0x0000000000000bf8       0x20 Output/blinky_FreeRTOS_pca10040 Release/Obj/ses_nrf52_Vectors.o
 .debug_aranges
                0x0000000000000c18       0x38 Output/blinky_FreeRTOS_pca10040 Release/Obj/system_nrf52.o

.debug_ranges   0x0000000000000000     0x1550
 .debug_ranges  0x0000000000000000       0xd8 Output/blinky_FreeRTOS_pca10040 Release/Obj/thumb_crt0.o
 .debug_ranges  0x00000000000000d8       0xe0 Output/blinky_FreeRTOS_pca10040 Release/Obj/boards.o
 .debug_ranges  0x00000000000001b8       0x28 Output/blinky_FreeRTOS_pca10040 Release/Obj/heap_1.o
 .debug_ranges  0x00000000000001e0       0x30 Output/blinky_FreeRTOS_pca10040 Release/Obj/list.o
 .debug_ranges  0x0000000000000210       0x20 Output/blinky_FreeRTOS_pca10040 Release/Obj/port.o
 .debug_ranges  0x0000000000000230       0x68 Output/blinky_FreeRTOS_pca10040 Release/Obj/port_cmsis.o
 .debug_ranges  0x0000000000000298       0x68 Output/blinky_FreeRTOS_pca10040 Release/Obj/port_cmsis_systick.o
 .debug_ranges  0x0000000000000300      0x258 Output/blinky_FreeRTOS_pca10040 Release/Obj/queue.o
 .debug_ranges  0x0000000000000558      0x2f0 Output/blinky_FreeRTOS_pca10040 Release/Obj/tasks.o
 .debug_ranges  0x0000000000000848      0x118 Output/blinky_FreeRTOS_pca10040 Release/Obj/timers.o
 .debug_ranges  0x0000000000000960       0xa0 Output/blinky_FreeRTOS_pca10040 Release/Obj/trcKernelPort.o
 .debug_ranges  0x0000000000000a00      0x3f0 Output/blinky_FreeRTOS_pca10040 Release/Obj/trcStreamingRecorder.o
 .debug_ranges  0x0000000000000df0      0x118 Output/blinky_FreeRTOS_pca10040 Release/Obj/SEGGER_RTT.o
 .debug_ranges  0x0000000000000f08       0x18 Output/blinky_FreeRTOS_pca10040 Release/Obj/trcStreamingPort.o
 .debug_ranges  0x0000000000000f20       0x18 Output/blinky_FreeRTOS_pca10040 Release/Obj/app_error.o
 .debug_ranges  0x0000000000000f38       0x10 Output/blinky_FreeRTOS_pca10040 Release/Obj/app_error_weak.o
 .debug_ranges  0x0000000000000f48       0x38 Output/blinky_FreeRTOS_pca10040 Release/Obj/app_util_platform.o
 .debug_ranges  0x0000000000000f80       0xc0 Output/blinky_FreeRTOS_pca10040 Release/Obj/nrf_drv_clock.o
 .debug_ranges  0x0000000000001040       0xb8 Output/blinky_FreeRTOS_pca10040 Release/Obj/nrfx_clock.o
 .debug_ranges  0x00000000000010f8      0x408 Output/blinky_FreeRTOS_pca10040 Release/Obj/nrfx_gpiote.o
 .debug_ranges  0x0000000000001500       0x28 Output/blinky_FreeRTOS_pca10040 Release/Obj/main.o
 .debug_ranges  0x0000000000001528       0x28 Output/blinky_FreeRTOS_pca10040 Release/Obj/system_nrf52.o

.debug_frame    0x0000000000000000     0x23a8
 .debug_frame   0x0000000000000000      0x104 Output/blinky_FreeRTOS_pca10040 Release/Obj/boards.o
 .debug_frame   0x0000000000000104       0x60 Output/blinky_FreeRTOS_pca10040 Release/Obj/heap_1.o
 .debug_frame   0x0000000000000164       0x70 Output/blinky_FreeRTOS_pca10040 Release/Obj/list.o
 .debug_frame   0x00000000000001d4       0x40 Output/blinky_FreeRTOS_pca10040 Release/Obj/port.o
 .debug_frame   0x0000000000000214       0x7c Output/blinky_FreeRTOS_pca10040 Release/Obj/port_cmsis.o
 .debug_frame   0x0000000000000290       0x84 Output/blinky_FreeRTOS_pca10040 Release/Obj/port_cmsis_systick.o
 .debug_frame   0x0000000000000314      0x458 Output/blinky_FreeRTOS_pca10040 Release/Obj/queue.o
 .debug_frame   0x000000000000076c      0x708 Output/blinky_FreeRTOS_pca10040 Release/Obj/tasks.o
 .debug_frame   0x0000000000000e74      0x240 Output/blinky_FreeRTOS_pca10040 Release/Obj/timers.o
 .debug_frame   0x00000000000010b4      0x214 Output/blinky_FreeRTOS_pca10040 Release/Obj/trcKernelPort.o
 .debug_frame   0x00000000000012c8      0x570 Output/blinky_FreeRTOS_pca10040 Release/Obj/trcStreamingRecorder.o
 .debug_frame   0x0000000000001838      0x3c8 Output/blinky_FreeRTOS_pca10040 Release/Obj/SEGGER_RTT.o
 .debug_frame   0x0000000000001c00       0x50 Output/blinky_FreeRTOS_pca10040 Release/Obj/trcStreamingPort.o
 .debug_frame   0x0000000000001c50       0x58 Output/blinky_FreeRTOS_pca10040 Release/Obj/app_error.o
 .debug_frame   0x0000000000001ca8       0x20 Output/blinky_FreeRTOS_pca10040 Release/Obj/app_error_weak.o
 .debug_frame   0x0000000000001cc8       0x70 Output/blinky_FreeRTOS_pca10040 Release/Obj/app_util_platform.o
 .debug_frame   0x0000000000001d38      0x1a4 Output/blinky_FreeRTOS_pca10040 Release/Obj/nrf_drv_clock.o
 .debug_frame   0x0000000000001edc      0x150 Output/blinky_FreeRTOS_pca10040 Release/Obj/nrfx_clock.o
 .debug_frame   0x000000000000202c      0x298 Output/blinky_FreeRTOS_pca10040 Release/Obj/nrfx_gpiote.o
 .debug_frame   0x00000000000022c4       0x88 Output/blinky_FreeRTOS_pca10040 Release/Obj/main.o
 .debug_frame   0x000000000000234c       0x5c Output/blinky_FreeRTOS_pca10040 Release/Obj/system_nrf52.o

.debug_loc      0x0000000000000000     0x9777
 .debug_loc     0x0000000000000000      0x54b Output/blinky_FreeRTOS_pca10040 Release/Obj/boards.o
 .debug_loc     0x000000000000054b       0x49 Output/blinky_FreeRTOS_pca10040 Release/Obj/heap_1.o
 .debug_loc     0x0000000000000594       0x94 Output/blinky_FreeRTOS_pca10040 Release/Obj/list.o
 .debug_loc     0x0000000000000628       0xb2 Output/blinky_FreeRTOS_pca10040 Release/Obj/port_cmsis.o
 .debug_loc     0x00000000000006da      0x4d7 Output/blinky_FreeRTOS_pca10040 Release/Obj/port_cmsis_systick.o
 .debug_loc     0x0000000000000bb1     0x1568 Output/blinky_FreeRTOS_pca10040 Release/Obj/queue.o
 .debug_loc     0x0000000000002119     0x1b2d Output/blinky_FreeRTOS_pca10040 Release/Obj/tasks.o
 .debug_loc     0x0000000000003c46      0x992 Output/blinky_FreeRTOS_pca10040 Release/Obj/timers.o
 .debug_loc     0x00000000000045d8      0x3b5 Output/blinky_FreeRTOS_pca10040 Release/Obj/trcKernelPort.o
 .debug_loc     0x000000000000498d     0x19c0 Output/blinky_FreeRTOS_pca10040 Release/Obj/trcStreamingRecorder.o
 .debug_loc     0x000000000000634d     0x1449 Output/blinky_FreeRTOS_pca10040 Release/Obj/SEGGER_RTT.o
 .debug_loc     0x0000000000007796      0x156 Output/blinky_FreeRTOS_pca10040 Release/Obj/trcStreamingPort.o
 .debug_loc     0x00000000000078ec       0xb5 Output/blinky_FreeRTOS_pca10040 Release/Obj/app_error.o
 .debug_loc     0x00000000000079a1       0x42 Output/blinky_FreeRTOS_pca10040 Release/Obj/app_error_weak.o
 .debug_loc     0x00000000000079e3       0x7d Output/blinky_FreeRTOS_pca10040 Release/Obj/app_util_platform.o
 .debug_loc     0x0000000000007a60      0x295 Output/blinky_FreeRTOS_pca10040 Release/Obj/nrf_drv_clock.o
 .debug_loc     0x0000000000007cf5      0x2bc Output/blinky_FreeRTOS_pca10040 Release/Obj/nrfx_clock.o
 .debug_loc     0x0000000000007fb1     0x16e5 Output/blinky_FreeRTOS_pca10040 Release/Obj/nrfx_gpiote.o
 .debug_loc     0x0000000000009696       0xe1 Output/blinky_FreeRTOS_pca10040 Release/Obj/main.o

.debug_pubnames
                0x0000000000000000     0x5812
 .debug_pubnames
                0x0000000000000000      0x4bd Output/blinky_FreeRTOS_pca10040 Release/Obj/boards.o
 .debug_pubnames
                0x00000000000004bd       0x8c Output/blinky_FreeRTOS_pca10040 Release/Obj/heap_1.o
 .debug_pubnames
                0x0000000000000549       0x72 Output/blinky_FreeRTOS_pca10040 Release/Obj/list.o
 .debug_pubnames
                0x00000000000005bb       0x4d Output/blinky_FreeRTOS_pca10040 Release/Obj/port.o
 .debug_pubnames
                0x0000000000000608      0x437 Output/blinky_FreeRTOS_pca10040 Release/Obj/port_cmsis.o
 .debug_pubnames
                0x0000000000000a3f      0x71e Output/blinky_FreeRTOS_pca10040 Release/Obj/port_cmsis_systick.o
 .debug_pubnames
                0x000000000000115d      0x40c Output/blinky_FreeRTOS_pca10040 Release/Obj/queue.o